planner init
finish init
current timestep 0
planning flow reduced
plan limit 784
current timestep 1
planning flow reduced
plan limit 968
compute initial stop until 245
current timestep 2
planning flow reduced
plan limit 965
compute initial stop until 287
current timestep 3
planning flow reduced
plan limit 963
compute initial stop until 346
current timestep 4
planning flow reduced
plan limit 962
compute initial stop until 425
current timestep 5
planning flow reduced
plan limit 940
compute initial stop until 486
current timestep 6
planning flow reduced
plan limit 961
compute initial stop until 545
current timestep 7
planning flow reduced
plan limit 959
compute initial stop until 611
current timestep 8
planning flow reduced
plan limit 938
compute initial stop until 681
current timestep 9
planning flow reduced
plan limit 934
compute initial stop until 756
current timestep 10
planning flow reduced
plan limit 939
compute initial stop until 840
current timestep 11
planning flow reduced
plan limit 936
compute initial stop until 918
current timestep 12
planning flow reduced
plan limit 930
compute initial stop until 1000
current timestep 13
planning flow reduced
plan limit 916
compute initial stop until 1074
current timestep 14
planning flow reduced
plan limit 938
compute initial stop until 1150
current timestep 15
planning flow reduced
plan limit 913
compute initial stop until 1248
current timestep 16
planning flow reduced
plan limit 926
compute initial stop until 1329
current timestep 17
planning flow reduced
plan limit 903
compute initial stop until 1404
current timestep 18
planning flow reduced
plan limit 910
compute initial stop until 1494
current timestep 19
planning flow reduced
plan limit 909
compute initial stop until 1569
current timestep 20
planning flow reduced
plan limit 907
compute initial stop until 1638
current timestep 21
planning flow reduced
plan limit 903
compute initial stop until 1706
current timestep 22
planning flow reduced
plan limit 928
compute initial stop until 1785
current timestep 23
planning flow reduced
plan limit 907
compute initial stop until 1874
current timestep 24
planning flow reduced
plan limit 920
compute initial stop until 1939
current timestep 25
planning flow reduced
plan limit 919
compute initial stop until 2008
current timestep 26
planning flow reduced
plan limit 921
compute initial stop until 2080
current timestep 27
planning flow reduced
plan limit 902
compute initial stop until 2156
current timestep 28
planning flow reduced
plan limit 894
compute initial stop until 2229
current timestep 29
planning flow reduced
plan limit 916
compute initial stop until 2316
current timestep 30
planning flow reduced
plan limit 872
compute initial stop until 2394
current timestep 31
planning flow reduced
plan limit 921
compute initial stop until 2482
current timestep 32
planning flow reduced
plan limit 893
compute initial stop until 2558
current timestep 33
planning flow reduced
plan limit 900
compute initial stop until 2633
current timestep 34
planning flow reduced
plan limit 911
compute initial stop until 2723
current timestep 35
planning flow reduced
plan limit 915
compute initial stop until 2812
current timestep 36
planning flow reduced
plan limit 891
compute initial stop until 2896
current timestep 37
planning flow reduced
plan limit 896
compute initial stop until 2974
current timestep 38
planning flow reduced
plan limit 916
compute initial stop until 3057
current timestep 39
planning flow reduced
plan limit 908
compute initial stop until 3139
current timestep 40
planning flow reduced
plan limit 844
compute initial stop until 3221
current timestep 41
planning flow reduced
plan limit 890
compute initial stop until 3303
current timestep 42
planning flow reduced
plan limit 889
compute initial stop until 3374
current timestep 43
planning flow reduced
plan limit 892
compute initial stop until 3450
current timestep 44
planning flow reduced
plan limit 888
compute initial stop until 3533
current timestep 45
planning flow reduced
plan limit 885
compute initial stop until 3610
current timestep 46
planning flow reduced
plan limit 886
compute initial stop until 3692
current timestep 47
planning flow reduced
plan limit 903
compute initial stop until 3781
current timestep 48
planning flow reduced
plan limit 923
compute initial stop until 3868
current timestep 49
planning flow reduced
plan limit 876
compute initial stop until 3939
current timestep 50
planning flow reduced
plan limit 884
compute initial stop until 4024
current timestep 51
planning flow reduced
plan limit 896
compute initial stop until 4100
current timestep 52
planning flow reduced
plan limit 896
compute initial stop until 4190
current timestep 53
planning flow reduced
plan limit 884
compute initial stop until 4277
current timestep 54
planning flow reduced
plan limit 878
compute initial stop until 4355
current timestep 55
planning flow reduced
plan limit 877
compute initial stop until 4431
current timestep 56
planning flow reduced
plan limit 878
compute initial stop until 4504
current timestep 57
planning flow reduced
plan limit 899
compute initial stop until 4584
current timestep 58
planning flow reduced
plan limit 896
compute initial stop until 4665
current timestep 59
planning flow reduced
plan limit 886
compute initial stop until 4741
current timestep 60
planning flow reduced
plan limit 887
compute initial stop until 4825
current timestep 61
planning flow reduced
plan limit 836
compute initial stop until 4903
current timestep 62
planning flow reduced
plan limit 874
compute initial stop until 4969
current timestep 63
planning flow reduced
plan limit 889
compute initial stop until 5041
current timestep 64
planning flow reduced
plan limit 883
compute initial stop until 5122
current timestep 65
planning flow reduced
plan limit 864
compute initial stop until 5198
current timestep 66
planning flow reduced
plan limit 889
compute initial stop until 5263
current timestep 67
planning flow reduced
plan limit 863
compute initial stop until 5325
current timestep 68
planning flow reduced
plan limit 865
compute initial stop until 5391
current timestep 69
planning flow reduced
plan limit 881
compute initial stop until 5470
current timestep 70
planning flow reduced
plan limit 868
compute initial stop until 5555
current timestep 71
planning flow reduced
plan limit 862
compute initial stop until 5635
current timestep 72
planning flow reduced
plan limit 878
compute initial stop until 5722
current timestep 73
planning flow reduced
plan limit 882
compute initial stop until 5797
current timestep 74
planning flow reduced
plan limit 868
compute initial stop until 5874
current timestep 75
planning flow reduced
plan limit 861
compute initial stop until 5955
current timestep 76
planning flow reduced
plan limit 860
compute initial stop until 6041
current timestep 77
planning flow reduced
plan limit 873
compute initial stop until 6115
current timestep 78
planning flow reduced
plan limit 876
compute initial stop until 6185
current timestep 79
planning flow reduced
plan limit 880
compute initial stop until 6262
current timestep 80
planning flow reduced
plan limit 894
compute initial stop until 6339
current timestep 81
planning flow reduced
plan limit 856
compute initial stop until 6416
current timestep 82
planning flow reduced
plan limit 877
compute initial stop until 6496
current timestep 83
planning flow reduced
plan limit 855
compute initial stop until 6570
current timestep 84
planning flow reduced
plan limit 864
compute initial stop until 6642
current timestep 85
planning flow reduced
plan limit 874
compute initial stop until 6721
current timestep 86
planning flow reduced
plan limit 871
compute initial stop until 6793
current timestep 87
planning flow reduced
plan limit 852
compute initial stop until 6865
current timestep 88
planning flow reduced
plan limit 868
compute initial stop until 6949
current timestep 89
planning flow reduced
plan limit 865
compute initial stop until 7033
current timestep 90
planning flow reduced
plan limit 888
compute initial stop until 7121
current timestep 91
planning flow reduced
plan limit 850
compute initial stop until 7209
current timestep 92
planning flow reduced
plan limit 847
compute initial stop until 7282
current timestep 93
planning flow reduced
plan limit 854
compute initial stop until 7361
current timestep 94
planning flow reduced
plan limit 856
compute initial stop until 7446
current timestep 95
planning flow reduced
plan limit 864
compute initial stop until 7525
current timestep 96
planning flow reduced
plan limit 863
compute initial stop until 7595
current timestep 97
planning flow reduced
plan limit 842
compute initial stop until 7669
current timestep 98
planning flow reduced
plan limit 844
compute initial stop until 7739
current timestep 99
planning flow reduced
plan limit 859
compute initial stop until 7820
current timestep 100
planning flow reduced
plan limit 877
compute initial stop until 7898
current timestep 101
planning flow reduced
plan limit 840
compute initial stop until 7974
current timestep 102
planning flow reduced
plan limit 878
compute initial stop until 8054
current timestep 103
planning flow reduced
plan limit 850
compute initial stop until 8132
current timestep 104
planning flow reduced
plan limit 854
compute initial stop until 8200
current timestep 105
planning flow reduced
plan limit 836
compute initial stop until 8266
current timestep 106
planning flow reduced
plan limit 847
compute initial stop until 8334
current timestep 107
planning flow reduced
plan limit 850
compute initial stop until 8400
current timestep 108
planning flow reduced
plan limit 851
compute initial stop until 8479
current timestep 109
planning flow reduced
plan limit 845
compute initial stop until 8549
current timestep 110
planning flow reduced
plan limit 843
compute initial stop until 8625
current timestep 111
planning flow reduced
plan limit 843
compute initial stop until 8696
current timestep 112
planning flow reduced
plan limit 847
compute initial stop until 8768
current timestep 113
planning flow reduced
plan limit 840
compute initial stop until 8839
current timestep 114
planning flow reduced
plan limit 843
compute initial stop until 8909
current timestep 115
planning flow reduced
plan limit 828
compute initial stop until 8982
current timestep 116
planning flow reduced
plan limit 865
compute initial stop until 9067
current timestep 117
planning flow reduced
plan limit 845
compute initial stop until 9137
current timestep 118
planning flow reduced
plan limit 843
compute initial stop until 9204
current timestep 119
planning flow reduced
plan limit 842
compute initial stop until 9283
current timestep 120
planning flow reduced
plan limit 837
compute initial stop until 9357
current timestep 121
planning flow reduced
plan limit 842
compute initial stop until 9428
current timestep 122
planning flow reduced
plan limit 836
compute initial stop until 9499
current timestep 123
planning flow reduced
plan limit 838
compute initial stop until 9570
current timestep 124
planning flow reduced
plan limit 817
compute initial stop until 9641
current timestep 125
planning flow reduced
plan limit 830
compute initial stop until 9709
current timestep 126
planning flow reduced
plan limit 836
compute initial stop until 9775
current timestep 127
planning flow reduced
plan limit 833
compute initial stop until 9852
current timestep 128
planning flow reduced
plan limit 833
compute initial stop until 9926
current timestep 129
planning flow reduced
plan limit 813
compute initial stop until 9989
current timestep 130
planning flow reduced
plan limit 834
current timestep 131
planning flow reduced
plan limit 827
current timestep 132
planning flow reduced
plan limit 833
current timestep 133
planning flow reduced
plan limit 836
current timestep 134
planning flow reduced
plan limit 835
current timestep 135
planning flow reduced
plan limit 835
current timestep 136
planning flow reduced
plan limit 830
current timestep 137
planning flow reduced
plan limit 827
current timestep 138
planning flow reduced
plan limit 830
current timestep 139
planning flow reduced
plan limit 855
current timestep 140
planning flow reduced
plan limit 833
current timestep 141
planning flow reduced
plan limit 828
current timestep 142
planning flow reduced
plan limit 850
current timestep 143
planning flow reduced
plan limit 833
current timestep 144
planning flow reduced
plan limit 828
current timestep 145
planning flow reduced
plan limit 827
current timestep 146
planning flow reduced
plan limit 827
current timestep 147
planning flow reduced
plan limit 823
current timestep 148
planning flow reduced
plan limit 832
current timestep 149
planning flow reduced
plan limit 811
current timestep 150
planning flow reduced
plan limit 834
current timestep 151
planning flow reduced
plan limit 825
current timestep 152
planning flow reduced
plan limit 829
current timestep 153
planning flow reduced
plan limit 852
current timestep 154
planning flow reduced
plan limit 832
current timestep 155
planning flow reduced
plan limit 826
current timestep 156
planning flow reduced
plan limit 830
current timestep 157
planning flow reduced
plan limit 832
current timestep 158
planning flow reduced
plan limit 854
current timestep 159
planning flow reduced
plan limit 833
current timestep 160
planning flow reduced
plan limit 832
current timestep 161
planning flow reduced
plan limit 817
current timestep 162
planning flow reduced
plan limit 854
current timestep 163
planning flow reduced
plan limit 828
current timestep 164
planning flow reduced
plan limit 835
current timestep 165
planning flow reduced
plan limit 828
current timestep 166
planning flow reduced
plan limit 837
current timestep 167
planning flow reduced
plan limit 853
current timestep 168
planning flow reduced
plan limit 838
current timestep 169
planning flow reduced
plan limit 837
current timestep 170
planning flow reduced
plan limit 851
current timestep 171
planning flow reduced
plan limit 851
current timestep 172
planning flow reduced
plan limit 853
current timestep 173
planning flow reduced
plan limit 832
current timestep 174
planning flow reduced
plan limit 837
current timestep 175
planning flow reduced
plan limit 834
current timestep 176
planning flow reduced
plan limit 854
current timestep 177
planning flow reduced
plan limit 835
current timestep 178
planning flow reduced
plan limit 832
current timestep 179
planning flow reduced
plan limit 852
current timestep 180
planning flow reduced
plan limit 831
current timestep 181
planning flow reduced
plan limit 832
current timestep 182
planning flow reduced
plan limit 825
current timestep 183
planning flow reduced
plan limit 826
current timestep 184
planning flow reduced
plan limit 829
current timestep 185
planning flow reduced
plan limit 832
current timestep 186
planning flow reduced
plan limit 854
current timestep 187
planning flow reduced
plan limit 834
current timestep 188
planning flow reduced
plan limit 851
current timestep 189
planning flow reduced
plan limit 830
current timestep 190
planning flow reduced
plan limit 855
current timestep 191
planning flow reduced
plan limit 851
current timestep 192
planning flow reduced
plan limit 825
current timestep 193
planning flow reduced
plan limit 854
current timestep 194
planning flow reduced
plan limit 854
current timestep 195
planning flow reduced
plan limit 834
current timestep 196
planning flow reduced
plan limit 832
current timestep 197
planning flow reduced
plan limit 853
current timestep 198
planning flow reduced
plan limit 829
current timestep 199
planning flow reduced
plan limit 853
current timestep 200
planning flow reduced
plan limit 853
current timestep 201
planning flow reduced
plan limit 836
current timestep 202
planning flow reduced
plan limit 852
current timestep 203
planning flow reduced
plan limit 836
current timestep 204
planning flow reduced
plan limit 854
current timestep 205
planning flow reduced
plan limit 833
current timestep 206
planning flow reduced
plan limit 837
current timestep 207
planning flow reduced
plan limit 831
current timestep 208
planning flow reduced
plan limit 830
current timestep 209
planning flow reduced
plan limit 826
current timestep 210
planning flow reduced
plan limit 814
current timestep 211
planning flow reduced
plan limit 834
current timestep 212
planning flow reduced
plan limit 830
current timestep 213
planning flow reduced
plan limit 855
current timestep 214
planning flow reduced
plan limit 829
current timestep 215
planning flow reduced
plan limit 852
current timestep 216
planning flow reduced
plan limit 853
current timestep 217
planning flow reduced
plan limit 834
current timestep 218
planning flow reduced
plan limit 852
current timestep 219
planning flow reduced
plan limit 850
current timestep 220
planning flow reduced
plan limit 829
current timestep 221
planning flow reduced
plan limit 828
current timestep 222
planning flow reduced
plan limit 851
current timestep 223
planning flow reduced
plan limit 831
current timestep 224
planning flow reduced
plan limit 847
current timestep 225
planning flow reduced
plan limit 833
current timestep 226
planning flow reduced
plan limit 831
current timestep 227
planning flow reduced
plan limit 833
current timestep 228
planning flow reduced
plan limit 829
current timestep 229
planning flow reduced
plan limit 836
current timestep 230
planning flow reduced
plan limit 826
current timestep 231
planning flow reduced
plan limit 852
current timestep 232
planning flow reduced
plan limit 826
current timestep 233
planning flow reduced
plan limit 828
current timestep 234
planning flow reduced
plan limit 852
current timestep 235
planning flow reduced
plan limit 850
current timestep 236
planning flow reduced
plan limit 832
current timestep 237
planning flow reduced
plan limit 850
current timestep 238
planning flow reduced
plan limit 849
current timestep 239
planning flow reduced
plan limit 853
current timestep 240
planning flow reduced
plan limit 829
current timestep 241
planning flow reduced
plan limit 850
current timestep 242
planning flow reduced
plan limit 846
current timestep 243
planning flow reduced
plan limit 851
current timestep 244
planning flow reduced
plan limit 827
current timestep 245
planning flow reduced
plan limit 833
current timestep 246
planning flow reduced
plan limit 850
current timestep 247
planning flow reduced
plan limit 850
current timestep 248
planning flow reduced
plan limit 834
current timestep 249
planning flow reduced
plan limit 850
current timestep 250
planning flow reduced
plan limit 830
current timestep 251
planning flow reduced
plan limit 853
current timestep 252
planning flow reduced
plan limit 830
current timestep 253
planning flow reduced
plan limit 833
current timestep 254
planning flow reduced
plan limit 852
current timestep 255
planning flow reduced
plan limit 852
current timestep 256
planning flow reduced
plan limit 827
current timestep 257
planning flow reduced
plan limit 832
current timestep 258
planning flow reduced
plan limit 831
current timestep 259
planning flow reduced
plan limit 833
current timestep 260
planning flow reduced
plan limit 851
current timestep 261
planning flow reduced
plan limit 849
current timestep 262
planning flow reduced
plan limit 834
current timestep 263
planning flow reduced
plan limit 851
current timestep 264
planning flow reduced
plan limit 836
current timestep 265
planning flow reduced
plan limit 850
current timestep 266
planning flow reduced
plan limit 852
current timestep 267
planning flow reduced
plan limit 822
current timestep 268
planning flow reduced
plan limit 852
current timestep 269
planning flow reduced
plan limit 853
current timestep 270
planning flow reduced
plan limit 852
current timestep 271
planning flow reduced
plan limit 837
current timestep 272
planning flow reduced
plan limit 852
current timestep 273
planning flow reduced
plan limit 830
current timestep 274
planning flow reduced
plan limit 851
current timestep 275
planning flow reduced
plan limit 804
current timestep 276
planning flow reduced
plan limit 853
current timestep 277
planning flow reduced
plan limit 853
current timestep 278
planning flow reduced
plan limit 847
current timestep 279
planning flow reduced
plan limit 831
current timestep 280
planning flow reduced
plan limit 833
current timestep 281
planning flow reduced
plan limit 853
current timestep 282
planning flow reduced
plan limit 824
current timestep 283
planning flow reduced
plan limit 852
current timestep 284
planning flow reduced
plan limit 852
current timestep 285
planning flow reduced
plan limit 831
current timestep 286
planning flow reduced
plan limit 850
current timestep 287
planning flow reduced
plan limit 852
current timestep 288
planning flow reduced
plan limit 852
current timestep 289
planning flow reduced
plan limit 836
current timestep 290
planning flow reduced
plan limit 835
current timestep 291
planning flow reduced
plan limit 804
current timestep 292
planning flow reduced
plan limit 850
current timestep 293
planning flow reduced
plan limit 838
current timestep 294
planning flow reduced
plan limit 828
current timestep 295
planning flow reduced
plan limit 842
current timestep 296
planning flow reduced
plan limit 840
current timestep 297
planning flow reduced
plan limit 822
current timestep 298
planning flow reduced
plan limit 821
current timestep 299
planning flow reduced
plan limit 813
current timestep 300
planning flow reduced
plan limit 842
current timestep 301
planning flow reduced
plan limit 843
current timestep 302
planning flow reduced
plan limit 844
current timestep 303
planning flow reduced
plan limit 839
current timestep 304
planning flow reduced
plan limit 851
current timestep 305
planning flow reduced
plan limit 834
current timestep 306
planning flow reduced
plan limit 852
current timestep 307
planning flow reduced
plan limit 852
current timestep 308
planning flow reduced
plan limit 852
current timestep 309
planning flow reduced
plan limit 852
current timestep 310
planning flow reduced
plan limit 851
current timestep 311
planning flow reduced
plan limit 851
current timestep 312
planning flow reduced
plan limit 852
current timestep 313
planning flow reduced
plan limit 831
current timestep 314
planning flow reduced
plan limit 851
current timestep 315
planning flow reduced
plan limit 826
current timestep 316
planning flow reduced
plan limit 850
current timestep 317
planning flow reduced
plan limit 851
current timestep 318
planning flow reduced
plan limit 851
current timestep 319
planning flow reduced
plan limit 836
current timestep 320
planning flow reduced
plan limit 851
current timestep 321
planning flow reduced
plan limit 852
current timestep 322
planning flow reduced
plan limit 852
current timestep 323
planning flow reduced
plan limit 833
current timestep 324
planning flow reduced
plan limit 852
current timestep 325
planning flow reduced
plan limit 830
current timestep 326
planning flow reduced
plan limit 836
current timestep 327
planning flow reduced
plan limit 823
current timestep 328
planning flow reduced
plan limit 845
current timestep 329
planning flow reduced
plan limit 852
current timestep 330
planning flow reduced
plan limit 851
current timestep 331
planning flow reduced
plan limit 836
current timestep 332
planning flow reduced
plan limit 851
current timestep 333
planning flow reduced
plan limit 851
current timestep 334
planning flow reduced
plan limit 831
current timestep 335
planning flow reduced
plan limit 830
current timestep 336
planning flow reduced
plan limit 852
current timestep 337
planning flow reduced
plan limit 854
current timestep 338
planning flow reduced
plan limit 832
current timestep 339
planning flow reduced
plan limit 851
current timestep 340
planning flow reduced
plan limit 829
current timestep 341
planning flow reduced
plan limit 852
current timestep 342
planning flow reduced
plan limit 831
current timestep 343
planning flow reduced
plan limit 850
current timestep 344
planning flow reduced
plan limit 850
current timestep 345
planning flow reduced
plan limit 850
current timestep 346
planning flow reduced
plan limit 852
current timestep 347
planning flow reduced
plan limit 825
current timestep 348
planning flow reduced
plan limit 851
current timestep 349
planning flow reduced
plan limit 853
current timestep 350
planning flow reduced
plan limit 848
current timestep 351
planning flow reduced
plan limit 851
current timestep 352
planning flow reduced
plan limit 851
current timestep 353
planning flow reduced
plan limit 848
current timestep 354
planning flow reduced
plan limit 824
current timestep 355
planning flow reduced
plan limit 851
current timestep 356
planning flow reduced
plan limit 851
current timestep 357
planning flow reduced
plan limit 849
current timestep 358
planning flow reduced
plan limit 827
current timestep 359
planning flow reduced
plan limit 853
current timestep 360
planning flow reduced
plan limit 850
current timestep 361
planning flow reduced
plan limit 850
current timestep 362
planning flow reduced
plan limit 850
current timestep 363
planning flow reduced
plan limit 850
current timestep 364
planning flow reduced
plan limit 851
current timestep 365
planning flow reduced
plan limit 850
current timestep 366
planning flow reduced
plan limit 833
current timestep 367
planning flow reduced
plan limit 848
current timestep 368
planning flow reduced
plan limit 853
current timestep 369
planning flow reduced
plan limit 851
current timestep 370
planning flow reduced
plan limit 844
current timestep 371
planning flow reduced
plan limit 850
current timestep 372
planning flow reduced
plan limit 852
current timestep 373
planning flow reduced
plan limit 852
current timestep 374
planning flow reduced
plan limit 852
current timestep 375
planning flow reduced
plan limit 852
current timestep 376
planning flow reduced
plan limit 852
current timestep 377
planning flow reduced
plan limit 832
current timestep 378
planning flow reduced
plan limit 850
current timestep 379
planning flow reduced
plan limit 851
current timestep 380
planning flow reduced
plan limit 829
current timestep 381
planning flow reduced
plan limit 852
current timestep 382
planning flow reduced
plan limit 851
current timestep 383
planning flow reduced
plan limit 852
current timestep 384
planning flow reduced
plan limit 849
current timestep 385
planning flow reduced
plan limit 830
current timestep 386
planning flow reduced
plan limit 835
current timestep 387
planning flow reduced
plan limit 851
current timestep 388
planning flow reduced
plan limit 850
current timestep 389
planning flow reduced
plan limit 852
current timestep 390
planning flow reduced
plan limit 852
current timestep 391
planning flow reduced
plan limit 852
current timestep 392
planning flow reduced
plan limit 836
current timestep 393
planning flow reduced
plan limit 852
current timestep 394
planning flow reduced
plan limit 830
current timestep 395
planning flow reduced
plan limit 851
current timestep 396
planning flow reduced
plan limit 850
current timestep 397
planning flow reduced
plan limit 852
current timestep 398
planning flow reduced
plan limit 832
current timestep 399
planning flow reduced
plan limit 831
current timestep 400
planning flow reduced
plan limit 849
current timestep 401
planning flow reduced
plan limit 850
current timestep 402
planning flow reduced
plan limit 852
current timestep 403
planning flow reduced
plan limit 850
current timestep 404
planning flow reduced
plan limit 851
current timestep 405
planning flow reduced
plan limit 830
current timestep 406
planning flow reduced
plan limit 852
current timestep 407
planning flow reduced
plan limit 851
current timestep 408
planning flow reduced
plan limit 827
current timestep 409
planning flow reduced
plan limit 830
current timestep 410
planning flow reduced
plan limit 849
current timestep 411
planning flow reduced
plan limit 851
current timestep 412
planning flow reduced
plan limit 850
current timestep 413
planning flow reduced
plan limit 853
current timestep 414
planning flow reduced
plan limit 851
current timestep 415
planning flow reduced
plan limit 844
current timestep 416
planning flow reduced
plan limit 828
current timestep 417
planning flow reduced
plan limit 851
current timestep 418
planning flow reduced
plan limit 830
current timestep 419
planning flow reduced
plan limit 846
current timestep 420
planning flow reduced
plan limit 852
current timestep 421
planning flow reduced
plan limit 833
current timestep 422
planning flow reduced
plan limit 835
current timestep 423
planning flow reduced
plan limit 836
current timestep 424
planning flow reduced
plan limit 848
current timestep 425
planning flow reduced
plan limit 835
current timestep 426
planning flow reduced
plan limit 850
current timestep 427
planning flow reduced
plan limit 850
current timestep 428
planning flow reduced
plan limit 848
current timestep 429
planning flow reduced
plan limit 853
current timestep 430
planning flow reduced
plan limit 833
current timestep 431
planning flow reduced
plan limit 851
current timestep 432
planning flow reduced
plan limit 851
current timestep 433
planning flow reduced
plan limit 852
current timestep 434
planning flow reduced
plan limit 850
current timestep 435
planning flow reduced
plan limit 850
current timestep 436
planning flow reduced
plan limit 851
current timestep 437
planning flow reduced
plan limit 850
current timestep 438
planning flow reduced
plan limit 846
current timestep 439
planning flow reduced
plan limit 828
current timestep 440
planning flow reduced
plan limit 852
current timestep 441
planning flow reduced
plan limit 848
current timestep 442
planning flow reduced
plan limit 852
current timestep 443
planning flow reduced
plan limit 851
current timestep 444
planning flow reduced
plan limit 830
current timestep 445
planning flow reduced
plan limit 850
current timestep 446
planning flow reduced
plan limit 851
current timestep 447
planning flow reduced
plan limit 832
current timestep 448
planning flow reduced
plan limit 826
current timestep 449
planning flow reduced
plan limit 851
current timestep 450
planning flow reduced
plan limit 852
current timestep 451
planning flow reduced
plan limit 851
current timestep 452
planning flow reduced
plan limit 850
current timestep 453
planning flow reduced
plan limit 851
current timestep 454
planning flow reduced
plan limit 851
current timestep 455
planning flow reduced
plan limit 852
current timestep 456
planning flow reduced
plan limit 851
current timestep 457
planning flow reduced
plan limit 852
current timestep 458
planning flow reduced
plan limit 850
current timestep 459
planning flow reduced
plan limit 846
current timestep 460
planning flow reduced
plan limit 851
current timestep 461
planning flow reduced
plan limit 852
current timestep 462
planning flow reduced
plan limit 849
current timestep 463
planning flow reduced
plan limit 847
current timestep 464
planning flow reduced
plan limit 848
current timestep 465
planning flow reduced
plan limit 851
current timestep 466
planning flow reduced
plan limit 850
current timestep 467
planning flow reduced
plan limit 851
current timestep 468
planning flow reduced
plan limit 851
current timestep 469
planning flow reduced
plan limit 853
current timestep 470
planning flow reduced
plan limit 850
current timestep 471
planning flow reduced
plan limit 852
current timestep 472
planning flow reduced
plan limit 849
current timestep 473
planning flow reduced
plan limit 852
current timestep 474
planning flow reduced
plan limit 853
current timestep 475
planning flow reduced
plan limit 850
current timestep 476
planning flow reduced
plan limit 852
current timestep 477
planning flow reduced
plan limit 846
current timestep 478
planning flow reduced
plan limit 849
current timestep 479
planning flow reduced
plan limit 852
current timestep 480
planning flow reduced
plan limit 849
current timestep 481
planning flow reduced
plan limit 850
current timestep 482
planning flow reduced
plan limit 848
current timestep 483
planning flow reduced
plan limit 852
current timestep 484
planning flow reduced
plan limit 850
current timestep 485
planning flow reduced
plan limit 851
current timestep 486
planning flow reduced
plan limit 849
current timestep 487
planning flow reduced
plan limit 850
current timestep 488
planning flow reduced
plan limit 845
current timestep 489
planning flow reduced
plan limit 848
current timestep 490
planning flow reduced
plan limit 844
current timestep 491
planning flow reduced
plan limit 848
current timestep 492
planning flow reduced
plan limit 834
current timestep 493
planning flow reduced
plan limit 850
current timestep 494
planning flow reduced
plan limit 848
current timestep 495
planning flow reduced
plan limit 849
current timestep 496
planning flow reduced
plan limit 849
current timestep 497
planning flow reduced
plan limit 850
current timestep 498
planning flow reduced
plan limit 851
current timestep 499
planning flow reduced
plan limit 849
current timestep 500
planning flow reduced
plan limit 847
current timestep 501
planning flow reduced
plan limit 851
current timestep 502
planning flow reduced
plan limit 851
current timestep 503
planning flow reduced
plan limit 849
current timestep 504
planning flow reduced
plan limit 847
current timestep 505
planning flow reduced
plan limit 852
current timestep 506
planning flow reduced
plan limit 850
current timestep 507
planning flow reduced
plan limit 851
current timestep 508
planning flow reduced
plan limit 852
current timestep 509
planning flow reduced
plan limit 852
current timestep 510
planning flow reduced
plan limit 850
current timestep 511
planning flow reduced
plan limit 851
current timestep 512
planning flow reduced
plan limit 829
current timestep 513
planning flow reduced
plan limit 851
current timestep 514
planning flow reduced
plan limit 828
current timestep 515
planning flow reduced
plan limit 853
current timestep 516
planning flow reduced
plan limit 850
current timestep 517
planning flow reduced
plan limit 849
current timestep 518
planning flow reduced
plan limit 848
current timestep 519
planning flow reduced
plan limit 843
current timestep 520
planning flow reduced
plan limit 824
current timestep 521
planning flow reduced
plan limit 848
current timestep 522
planning flow reduced
plan limit 848
current timestep 523
planning flow reduced
plan limit 847
current timestep 524
planning flow reduced
plan limit 851
current timestep 525
planning flow reduced
plan limit 848
