planner init
finish init
current timestep 0
planning flow reduced
plan limit -911
compute initial stop until 0
current timestep 2
planning flow reduced
plan limit 280
compute initial stop until 0
current timestep 3
planning flow reduced
plan limit 1
compute initial stop until 0
current timestep 4
planning flow reduced
plan limit 258
compute initial stop until 0
current timestep 6
planning flow reduced
plan limit -2
compute initial stop until 0
current timestep 8
planning flow reduced
plan limit 263
compute initial stop until 0
current timestep 9
planning flow reduced
plan limit -8
compute initial stop until 0
current timestep 11
planning flow reduced
plan limit 252
compute initial stop until 0
current timestep 13
planning flow reduced
plan limit 59
compute initial stop until 0
current timestep 15
planning flow reduced
plan limit 274
compute initial stop until 0
current timestep 17
planning flow reduced
plan limit 105
compute initial stop until 0
current timestep 18
planning flow reduced
plan limit 282
compute initial stop until 0
current timestep 20
planning flow reduced
plan limit 155
compute initial stop until 0
current timestep 22
planning flow reduced
plan limit 268
compute initial stop until 0
current timestep 26
planning flow reduced
plan limit 97
compute initial stop until 0
current timestep 28
planning flow reduced
plan limit 255
compute initial stop until 0
current timestep 32
planning flow reduced
plan limit 242
compute initial stop until 0
current timestep 36
planning flow reduced
plan limit 180
compute initial stop until 0
current timestep 38
planning flow reduced
plan limit 250
compute initial stop until 0
current timestep 42
planning flow reduced
plan limit 276
compute initial stop until 0
current timestep 47
planning flow reduced
plan limit 298
compute initial stop until 0
current timestep 51
planning flow reduced
plan limit 289
compute initial stop until 0
current timestep 55
planning flow reduced
plan limit 296
compute initial stop until 0
current timestep 59
planning flow reduced
plan limit 319
compute initial stop until 0
current timestep 63
planning flow reduced
plan limit 287
compute initial stop until 0
current timestep 67
planning flow reduced
plan limit 297
compute initial stop until 0
current timestep 71
planning flow reduced
plan limit 289
compute initial stop until 0
current timestep 76
planning flow reduced
plan limit 315
compute initial stop until 0
current timestep 81
planning flow reduced
plan limit 301
compute initial stop until 0
current timestep 86
planning flow reduced
plan limit 193
compute initial stop until 0
current timestep 89
planning flow reduced
plan limit 306
compute initial stop until 0
current timestep 94
planning flow reduced
plan limit 285
compute initial stop until 0
current timestep 99
planning flow reduced
plan limit 113
compute initial stop until 0
current timestep 100
planning flow reduced
plan limit 317
compute initial stop until 0
current timestep 105
planning flow reduced
plan limit 300
compute initial stop until 0
current timestep 109
planning flow reduced
plan limit 308
compute initial stop until 0
current timestep 114
planning flow reduced
plan limit 322
compute initial stop until 0
current timestep 119
planning flow reduced
plan limit 270
compute initial stop until 0
current timestep 124
planning flow reduced
plan limit 338
compute initial stop until 0
current timestep 129
planning flow reduced
plan limit 326
compute initial stop until 0
current timestep 134
planning flow reduced
plan limit 248
compute initial stop until 0
current timestep 138
planning flow reduced
plan limit 299
compute initial stop until 0
current timestep 144
planning flow reduced
plan limit 312
compute initial stop until 0
current timestep 149
planning flow reduced
plan limit 315
compute initial stop until 0
current timestep 154
planning flow reduced
plan limit 277
compute initial stop until 0
current timestep 159
planning flow reduced
plan limit 343
compute initial stop until 0
current timestep 165
planning flow reduced
plan limit 327
compute initial stop until 0
current timestep 170
planning flow reduced
plan limit 316
compute initial stop until 0
current timestep 175
planning flow reduced
plan limit 297
compute initial stop until 0
current timestep 179
planning flow reduced
plan limit -47910
compute initial stop until 0
current timestep 228
planning flow reduced
plan limit 247
compute initial stop until 0
current timestep 231
planning flow reduced
plan limit 246
compute initial stop until 0
current timestep 233
planning flow reduced
plan limit 307
compute initial stop until 0
current timestep 236
planning flow reduced
plan limit 335
compute initial stop until 0
current timestep 241
planning flow reduced
plan limit 291
compute initial stop until 0
current timestep 246
planning flow reduced
plan limit 295
compute initial stop until 0
current timestep 251
planning flow reduced
plan limit 336
compute initial stop until 0
current timestep 257
planning flow reduced
plan limit -46006
compute initial stop until 0
current timestep 305
planning flow reduced
plan limit 242
compute initial stop until 0
current timestep 308
planning flow reduced
plan limit 278
compute initial stop until 0
current timestep 310
planning flow reduced
plan limit -50620
compute initial stop until 0
current timestep 362
planning flow reduced
plan limit 778
compute initial stop until 0
current timestep 368
planning flow reduced
plan limit -42524
compute initial stop until 0
current timestep 412
planning flow reduced
plan limit -45243
compute initial stop until 0
current timestep 459
planning flow reduced
plan limit 258
compute initial stop until 0
current timestep 462
planning flow reduced
plan limit 360
compute initial stop until 0
current timestep 467
planning flow reduced
plan limit 738
compute initial stop until 0
current timestep 473
planning flow reduced
plan limit -46304
compute initial stop until 0
current timestep 521
planning flow reduced
plan limit -49862
compute initial stop until 0
current timestep 573
planning flow reduced
plan limit -8343
compute initial stop until 0
current timestep 583
planning flow reduced
plan limit 794
compute initial stop until 0
current timestep 589
planning flow reduced
plan limit 784
compute initial stop until 0
current timestep 595
planning flow reduced
plan limit -43100
compute initial stop until 0
current timestep 640
planning flow reduced
plan limit -3381
compute initial stop until 0
current timestep 645
planning flow reduced
plan limit 291
compute initial stop until 0
current timestep 648
planning flow reduced
plan limit 326
compute initial stop until 0
current timestep 651
planning flow reduced
plan limit 292
compute initial stop until 0
current timestep 656
planning flow reduced
plan limit -46984
compute initial stop until 0
current timestep 705
planning flow reduced
plan limit -49579
compute initial stop until 0
current timestep 756
planning flow reduced
plan limit -48927
compute initial stop until 0
current timestep 806
planning flow reduced
plan limit -19800
compute initial stop until 0
current timestep 827
planning flow reduced
plan limit -44725
compute initial stop until 0
current timestep 873
planning flow reduced
plan limit -46533
compute initial stop until 0
current timestep 921
planning flow reduced
plan limit -49400
compute initial stop until 0
current timestep 972
planning flow reduced
plan limit 802
compute initial stop until 0
current timestep 979
planning flow reduced
plan limit -8053
compute initial stop until 0
current timestep 989
planning flow reduced
plan limit -5676
compute initial stop until 0
current timestep 996
planning flow reduced
plan limit 801
compute initial stop until 0
current timestep 1002
planning flow reduced
plan limit 800
compute initial stop until 0
current timestep 1008
planning flow reduced
plan limit 576
compute initial stop until 0
current timestep 1013
planning flow reduced
plan limit 424
compute initial stop until 0
current timestep 1020
planning flow reduced
plan limit -46307
compute initial stop until 0
current timestep 1068
planning flow reduced
plan limit 797
compute initial stop until 0
current timestep 1074
planning flow reduced
plan limit -41655
compute initial stop until 0
current timestep 1117
planning flow reduced
plan limit -45478
compute initial stop until 0
current timestep 1164
planning flow reduced
plan limit -16746
compute initial stop until 0
current timestep 1182
planning flow reduced
plan limit -46326
compute initial stop until 0
current timestep 1230
planning flow reduced
plan limit -45909
compute initial stop until 0
current timestep 1277
planning flow reduced
plan limit -47167
compute initial stop until 0
current timestep 1326
planning flow reduced
plan limit -29880
compute initial stop until 0
current timestep 1357
planning flow reduced
plan limit -46136
compute initial stop until 0
current timestep 1405
planning flow reduced
plan limit -42701
compute initial stop until 0
current timestep 1449
planning flow reduced
plan limit 786
compute initial stop until 0
current timestep 1455
planning flow reduced
plan limit 786
compute initial stop until 0
current timestep 1461
planning flow reduced
plan limit 799
compute initial stop until 0
current timestep 1467
planning flow reduced
plan limit -42751
compute initial stop until 0
current timestep 1511
planning flow reduced
plan limit -12095
compute initial stop until 0
current timestep 1525
planning flow reduced
plan limit -20774
compute initial stop until 0
current timestep 1547
planning flow reduced
plan limit 795
compute initial stop until 0
current timestep 1553
planning flow reduced
plan limit -45171
compute initial stop until 0
current timestep 1600
planning flow reduced
plan limit -24953
compute initial stop until 0
current timestep 1626
planning flow reduced
plan limit 788
compute initial stop until 0
current timestep 1632
planning flow reduced
plan limit -29445
compute initial stop until 0
current timestep 1663
planning flow reduced
plan limit -48148
compute initial stop until 0
current timestep 1713
planning flow reduced
plan limit -46839
compute initial stop until 0
current timestep 1761
planning flow reduced
plan limit -49519
compute initial stop until 0
current timestep 1812
planning flow reduced
plan limit -49861
compute initial stop until 0
current timestep 1863
planning flow reduced
plan limit -11216
compute initial stop until 0
current timestep 1876
planning flow reduced
plan limit -4432
compute initial stop until 0
current timestep 1882
planning flow reduced
plan limit 802
compute initial stop until 0
current timestep 1889
planning flow reduced
plan limit 772
compute initial stop until 0
current timestep 1895
planning flow reduced
plan limit -7915
compute initial stop until 0
current timestep 1904
planning flow reduced
plan limit 802
compute initial stop until 0
current timestep 1910
planning flow reduced
plan limit 803
compute initial stop until 0
current timestep 1916
planning flow reduced
plan limit -29175
compute initial stop until 0
current timestep 1947
planning flow reduced
plan limit 801
compute initial stop until 0
current timestep 1953
planning flow reduced
plan limit -41838
compute initial stop until 0
current timestep 1996
planning flow reduced
plan limit 803
compute initial stop until 0
current timestep 2002
planning flow reduced
plan limit -42689
compute initial stop until 0
current timestep 2046
planning flow reduced
plan limit 799
compute initial stop until 0
current timestep 2052
planning flow reduced
plan limit -43174
compute initial stop until 0
current timestep 2097
planning flow reduced
plan limit 797
compute initial stop until 0
current timestep 2103
planning flow reduced
plan limit 802
compute initial stop until 0
current timestep 2108
planning flow reduced
plan limit 799
compute initial stop until 0
current timestep 2114
planning flow reduced
plan limit -3475
compute initial stop until 0
current timestep 2119
planning flow reduced
plan limit 804
compute initial stop until 0
current timestep 2124
planning flow reduced
plan limit 800
compute initial stop until 0
current timestep 2130
planning flow reduced
plan limit -43766
compute initial stop until 0
current timestep 2175
planning flow reduced
plan limit 788
compute initial stop until 0
current timestep 2181
planning flow reduced
plan limit -41973
compute initial stop until 0
current timestep 2224
planning flow reduced
plan limit 785
compute initial stop until 0
current timestep 2231
planning flow reduced
plan limit 797
compute initial stop until 0
current timestep 2237
planning flow reduced
plan limit 791
compute initial stop until 0
current timestep 2243
planning flow reduced
plan limit 802
compute initial stop until 0
current timestep 2249
planning flow reduced
plan limit -44810
compute initial stop until 0
current timestep 2295
planning flow reduced
plan limit -44742
compute initial stop until 0
current timestep 2341
planning flow reduced
plan limit 782
compute initial stop until 0
current timestep 2347
planning flow reduced
plan limit 769
compute initial stop until 0
current timestep 2353
planning flow reduced
plan limit -47681
compute initial stop until 0
current timestep 2402
planning flow reduced
plan limit -46114
compute initial stop until 0
current timestep 2450
planning flow reduced
plan limit -47535
compute initial stop until 0
current timestep 2499
planning flow reduced
plan limit 802
compute initial stop until 0
current timestep 2504
planning flow reduced
plan limit 711
compute initial stop until 0
current timestep 2510
planning flow reduced
plan limit -46612
compute initial stop until 0
current timestep 2558
planning flow reduced
plan limit 799
compute initial stop until 0
current timestep 2564
planning flow reduced
plan limit 575
compute initial stop until 0
current timestep 2570
planning flow reduced
plan limit 799
compute initial stop until 0
current timestep 2576
planning flow reduced
plan limit 800
compute initial stop until 0
current timestep 2582
planning flow reduced
plan limit 798
compute initial stop until 0
current timestep 2588
planning flow reduced
plan limit -7220
compute initial stop until 0
current timestep 2597
planning flow reduced
plan limit 795
compute initial stop until 0
current timestep 2603
planning flow reduced
plan limit -43692
compute initial stop until 0
current timestep 2648
planning flow reduced
plan limit -43443
compute initial stop until 0
current timestep 2693
planning flow reduced
plan limit 775
compute initial stop until 0
current timestep 2699
planning flow reduced
plan limit -9939
compute initial stop until 0
current timestep 2710
planning flow reduced
plan limit 790
compute initial stop until 0
current timestep 2716
planning flow reduced
plan limit 563
compute initial stop until 0
current timestep 2722
planning flow reduced
plan limit 789
compute initial stop until 0
current timestep 2728
planning flow reduced
plan limit -9734
compute initial stop until 0
current timestep 2739
planning flow reduced
plan limit 795
compute initial stop until 0
current timestep 2745
planning flow reduced
plan limit -43567
compute initial stop until 0
current timestep 2790
planning flow reduced
plan limit 755
compute initial stop until 0
current timestep 2797
planning flow reduced
plan limit 787
compute initial stop until 0
current timestep 2803
planning flow reduced
plan limit 781
compute initial stop until 0
current timestep 2809
planning flow reduced
plan limit -43595
compute initial stop until 0
current timestep 2854
planning flow reduced
plan limit 739
compute initial stop until 0
current timestep 2861
planning flow reduced
plan limit -266
compute initial stop until 0
current timestep 2863
planning flow reduced
plan limit 769
compute initial stop until 0
current timestep 2869
planning flow reduced
plan limit 795
compute initial stop until 0
current timestep 2875
planning flow reduced
plan limit -50354
compute initial stop until 0
current timestep 2927
planning flow reduced
plan limit 780
compute initial stop until 0
current timestep 2933
planning flow reduced
plan limit 788
compute initial stop until 0
current timestep 2939
planning flow reduced
plan limit 797
compute initial stop until 0
current timestep 2945
planning flow reduced
plan limit -3624
compute initial stop until 0
current timestep 2950
planning flow reduced
plan limit 781
compute initial stop until 0
current timestep 2956
planning flow reduced
plan limit -21891
compute initial stop until 0
current timestep 2979
planning flow reduced
plan limit -47079
compute initial stop until 0
current timestep 3028
planning flow reduced
plan limit -49569
compute initial stop until 0
current timestep 3079
planning flow reduced
plan limit -38493
compute initial stop until 0
current timestep 3119
planning flow reduced
plan limit 799
compute initial stop until 0
current timestep 3125
planning flow reduced
plan limit 797
compute initial stop until 0
current timestep 3131
planning flow reduced
plan limit 781
compute initial stop until 0
current timestep 3137
planning flow reduced
plan limit -14914
compute initial stop until 0
current timestep 3153
planning flow reduced
plan limit 799
compute initial stop until 0
current timestep 3159
planning flow reduced
plan limit 795
compute initial stop until 0
current timestep 3165
planning flow reduced
plan limit -8867
compute initial stop until 0
current timestep 3175
planning flow reduced
plan limit 798
compute initial stop until 0
current timestep 3181
planning flow reduced
plan limit 802
compute initial stop until 0
current timestep 3187
planning flow reduced
plan limit 799
compute initial stop until 0
current timestep 3192
planning flow reduced
plan limit 800
compute initial stop until 0
current timestep 3197
planning flow reduced
plan limit -43317
compute initial stop until 0
current timestep 3242
planning flow reduced
plan limit 796
compute initial stop until 0
current timestep 3247
planning flow reduced
plan limit -6485
compute initial stop until 0
current timestep 3255
planning flow reduced
plan limit -50117
compute initial stop until 0
current timestep 3307
planning flow reduced
plan limit -14438
compute initial stop until 0
current timestep 3323
planning flow reduced
plan limit 572
compute initial stop until 0
current timestep 3330
planning flow reduced
plan limit -7536
compute initial stop until 0
current timestep 3339
planning flow reduced
plan limit 792
compute initial stop until 0
current timestep 3344
planning flow reduced
plan limit 794
compute initial stop until 0
current timestep 3350
planning flow reduced
plan limit -47883
compute initial stop until 0
current timestep 3399
planning flow reduced
plan limit -46277
compute initial stop until 0
current timestep 3447
planning flow reduced
plan limit -46845
compute initial stop until 0
current timestep 3495
planning flow reduced
plan limit 781
compute initial stop until 0
current timestep 3502
planning flow reduced
plan limit -46093
compute initial stop until 0
current timestep 3550
planning flow reduced
plan limit 741
compute initial stop until 0
current timestep 3557
planning flow reduced
plan limit 793
compute initial stop until 0
current timestep 3562
planning flow reduced
plan limit -7575
compute initial stop until 0
current timestep 3571
planning flow reduced
plan limit -44473
compute initial stop until 0
current timestep 3617
planning flow reduced
plan limit 767
compute initial stop until 0
current timestep 3622
planning flow reduced
plan limit 795
compute initial stop until 0
current timestep 3627
planning flow reduced
plan limit -44574
compute initial stop until 0
current timestep 3673
planning flow reduced
plan limit -33977
compute initial stop until 0
current timestep 3708
planning flow reduced
plan limit 787
compute initial stop until 0
current timestep 3714
planning flow reduced
plan limit 794
compute initial stop until 0
current timestep 3720
planning flow reduced
plan limit -44218
compute initial stop until 0
current timestep 3766
planning flow reduced
plan limit -37759
compute initial stop until 0
current timestep 3805
planning flow reduced
plan limit 780
compute initial stop until 0
current timestep 3811
planning flow reduced
plan limit 786
compute initial stop until 0
current timestep 3817
planning flow reduced
plan limit 781
compute initial stop until 0
current timestep 3822
planning flow reduced
plan limit 788
compute initial stop until 0
current timestep 3828
planning flow reduced
plan limit -43949
compute initial stop until 0
current timestep 3873
planning flow reduced
plan limit -8350
compute initial stop until 0
current timestep 3883
planning flow reduced
plan limit 790
compute initial stop until 0
current timestep 3889
planning flow reduced
plan limit -38998
compute initial stop until 0
current timestep 3929
planning flow reduced
plan limit -6074
compute initial stop until 0
current timestep 3937
planning flow reduced
plan limit 795
compute initial stop until 0
current timestep 3943
planning flow reduced
plan limit 753
compute initial stop until 0
current timestep 3949
planning flow reduced
plan limit 802
compute initial stop until 0
current timestep 3954
planning flow reduced
plan limit 783
compute initial stop until 0
current timestep 3959
planning flow reduced
plan limit 801
compute initial stop until 0
current timestep 3964
planning flow reduced
plan limit 790
compute initial stop until 0
current timestep 3970
planning flow reduced
plan limit 794
compute initial stop until 0
current timestep 3975
planning flow reduced
plan limit 796
compute initial stop until 0
current timestep 3981
planning flow reduced
plan limit 784
compute initial stop until 0
current timestep 3987
planning flow reduced
plan limit 794
compute initial stop until 0
current timestep 3992
planning flow reduced
plan limit -44047
compute initial stop until 0
current timestep 4038
planning flow reduced
plan limit 785
compute initial stop until 0
current timestep 4043
planning flow reduced
plan limit 792
compute initial stop until 0
current timestep 4048
planning flow reduced
plan limit -44341
compute initial stop until 0
current timestep 4094
planning flow reduced
plan limit 778
compute initial stop until 0
current timestep 4099
planning flow reduced
plan limit 569
compute initial stop until 0
current timestep 4105
planning flow reduced
plan limit 784
compute initial stop until 0
current timestep 4110
planning flow reduced
plan limit -43592
compute initial stop until 0
current timestep 4155
planning flow reduced
plan limit -44124
compute initial stop until 0
current timestep 4201
planning flow reduced
plan limit -42167
compute initial stop until 0
current timestep 4245
planning flow reduced
plan limit 766
compute initial stop until 0
current timestep 4250
planning flow reduced
plan limit 784
compute initial stop until 0
current timestep 4255
planning flow reduced
plan limit 783
compute initial stop until 0
current timestep 4260
planning flow reduced
plan limit -42198
compute initial stop until 0
current timestep 4304
planning flow reduced
plan limit 750
compute initial stop until 0
current timestep 4310
planning flow reduced
plan limit 784
compute initial stop until 0
current timestep 4315
planning flow reduced
plan limit -22817
compute initial stop until 0
current timestep 4339
planning flow reduced
plan limit -41042
compute initial stop until 0
current timestep 4382
planning flow reduced
plan limit 760
compute initial stop until 0
current timestep 4388
planning flow reduced
plan limit -43588
compute initial stop until 0
current timestep 4433
planning flow reduced
plan limit 701
compute initial stop until 0
current timestep 4439
planning flow reduced
plan limit -40269
compute initial stop until 0
current timestep 4481
planning flow reduced
plan limit 731
compute initial stop until 0
current timestep 4488
planning flow reduced
plan limit 779
compute initial stop until 0
current timestep 4493
planning flow reduced
plan limit -5806
compute initial stop until 0
current timestep 4500
planning flow reduced
plan limit -11314
compute initial stop until 0
current timestep 4513
planning flow reduced
plan limit -3416
compute initial stop until 0
current timestep 4518
planning flow reduced
plan limit -2647
compute initial stop until 0
current timestep 4522
planning flow reduced
plan limit 786
compute initial stop until 0
current timestep 4527
planning flow reduced
plan limit -43082
compute initial stop until 0
current timestep 4572
planning flow reduced
plan limit -5456
compute initial stop until 0
current timestep 4579
planning flow reduced
plan limit 784
compute initial stop until 0
current timestep 4584
planning flow reduced
plan limit 794
compute initial stop until 0
current timestep 4589
planning flow reduced
plan limit -44491
compute initial stop until 0
current timestep 4635
planning flow reduced
plan limit -27624
compute initial stop until 0
current timestep 4664
planning flow reduced
plan limit -38180
compute initial stop until 0
current timestep 4704
planning flow reduced
plan limit 786
compute initial stop until 0
current timestep 4709
planning flow reduced
plan limit -43784
compute initial stop until 0
current timestep 4754
planning flow reduced
plan limit 777
compute initial stop until 0
current timestep 4760
planning flow reduced
plan limit 795
compute initial stop until 0
current timestep 4765
planning flow reduced
plan limit -16827
compute initial stop until 0
current timestep 4783
planning flow reduced
plan limit -41503
compute initial stop until 0
current timestep 4826
planning flow reduced
plan limit 786
compute initial stop until 0
current timestep 4831
planning flow reduced
plan limit 797
compute initial stop until 0
current timestep 4836
planning flow reduced
plan limit 784
compute initial stop until 0
current timestep 4841
planning flow reduced
plan limit -44111
compute initial stop until 0
current timestep 4887
planning flow reduced
plan limit -44053
compute initial stop until 0
current timestep 4933
planning flow reduced
plan limit 773
compute initial stop until 0
current timestep 4939
planning flow reduced
plan limit 790
compute initial stop until 0
current timestep 4944
planning flow reduced
plan limit -24296
compute initial stop until 0
current timestep 4970
planning flow reduced
plan limit 778
compute initial stop until 0
current timestep 4975
planning flow reduced
plan limit 792
compute initial stop until 0
current timestep 4980
planning flow reduced
plan limit -9010
compute initial stop until 0
current timestep 4991
planning flow reduced
plan limit -6193
compute initial stop until 0
current timestep 4999
planning flow reduced
plan limit 782
compute initial stop until 0
current timestep 5005
planning flow reduced
plan limit 783
compute initial stop until 0
current timestep 5011
planning flow reduced
plan limit 789
compute initial stop until 0
current timestep 5016
planning flow reduced
plan limit 798
compute initial stop until 0
current timestep 5021
planning flow reduced
plan limit 560
compute initial stop until 0
current timestep 5027
planning flow reduced
plan limit 794
compute initial stop until 0
current timestep 5032
planning flow reduced
plan limit -11893
compute initial stop until 0
current timestep 5045
planning flow reduced
plan limit 780
compute initial stop until 0
current timestep 5051
planning flow reduced
plan limit -43094
compute initial stop until 0
current timestep 5096
planning flow reduced
plan limit 766
compute initial stop until 0
current timestep 5103
planning flow reduced
plan limit -42852
compute initial stop until 0
current timestep 5147
planning flow reduced
plan limit -17661
compute initial stop until 0
current timestep 5166
planning flow reduced
plan limit 778
compute initial stop until 0
current timestep 5172
planning flow reduced
plan limit 262
compute initial stop until 0
current timestep 5177
planning flow reduced
plan limit -5460
compute initial stop until 0
current timestep 5184
planning flow reduced
plan limit -12163
compute initial stop until 0
current timestep 5198
planning flow reduced
plan limit -18537
compute initial stop until 0
current timestep 5218
planning flow reduced
plan limit -43967
compute initial stop until 0
current timestep 5263
planning flow reduced
plan limit -18397
compute initial stop until 0
current timestep 5283
planning flow reduced
plan limit -44762
compute initial stop until 0
current timestep 5329
planning flow reduced
plan limit 753
compute initial stop until 0
current timestep 5334
planning flow reduced
plan limit -23434
compute initial stop until 0
current timestep 5359
planning flow reduced
plan limit -18054
compute initial stop until 0
current timestep 5379
planning flow reduced
plan limit -4670
compute initial stop until 0
current timestep 5385
planning flow reduced
plan limit -24329
compute initial stop until 0
current timestep 5411
planning flow reduced
plan limit 762
compute initial stop until 0
current timestep 5417
planning flow reduced
plan limit -18924
compute initial stop until 0
current timestep 5437
planning flow reduced
plan limit -12764
compute initial stop until 0
current timestep 5451
planning flow reduced
plan limit -44231
compute initial stop until 0
current timestep 5497
planning flow reduced
plan limit -46062
compute initial stop until 0
current timestep 5545
planning flow reduced
plan limit 784
compute initial stop until 0
current timestep 5551
planning flow reduced
plan limit 777
compute initial stop until 0
current timestep 5556
planning flow reduced
plan limit -48165
compute initial stop until 0
current timestep 5606
planning flow reduced
plan limit -47154
compute initial stop until 0
current timestep 5655
planning flow reduced
plan limit 781
compute initial stop until 0
current timestep 5660
planning flow reduced
plan limit -48453
compute initial stop until 0
current timestep 5710
planning flow reduced
plan limit -24337
compute initial stop until 0
current timestep 5736
planning flow reduced
plan limit 778
compute initial stop until 0
current timestep 5742
planning flow reduced
plan limit 780
compute initial stop until 0
current timestep 5747
planning flow reduced
plan limit 779
compute initial stop until 0
current timestep 5752
planning flow reduced
plan limit 786
compute initial stop until 0
current timestep 5757
planning flow reduced
plan limit 785
compute initial stop until 0
current timestep 5762
planning flow reduced
plan limit -18304
compute initial stop until 0
current timestep 5782
planning flow reduced
plan limit 184
compute initial stop until 0
current timestep 5784
planning flow reduced
plan limit 793
compute initial stop until 0
current timestep 5789
planning flow reduced
plan limit 796
compute initial stop until 0
current timestep 5794
planning flow reduced
plan limit 791
compute initial stop until 0
current timestep 5799
planning flow reduced
plan limit 788
compute initial stop until 0
current timestep 5804
planning flow reduced
plan limit 786
compute initial stop until 0
current timestep 5809
planning flow reduced
plan limit 786
compute initial stop until 0
current timestep 5814
planning flow reduced
plan limit 794
compute initial stop until 0
current timestep 5819
planning flow reduced
plan limit 791
compute initial stop until 0
current timestep 5824
planning flow reduced
plan limit -18470
compute initial stop until 0
current timestep 5844
planning flow reduced
plan limit 769
compute initial stop until 0
current timestep 5851
planning flow reduced
plan limit -24407
compute initial stop until 0
current timestep 5877
planning flow reduced
plan limit 766
compute initial stop until 0
current timestep 5883
planning flow reduced
plan limit -42997
compute initial stop until 0
current timestep 5928
planning flow reduced
plan limit 734
compute initial stop until 0
current timestep 5934
planning flow reduced
plan limit 776
compute initial stop until 0
current timestep 5939
planning flow reduced
plan limit -7767
compute initial stop until 0
current timestep 5948
planning flow reduced
plan limit -2148
compute initial stop until 0
current timestep 5952
planning flow reduced
plan limit 783
compute initial stop until 0
current timestep 5959
planning flow reduced
plan limit -5195
compute initial stop until 0
current timestep 5966
planning flow reduced
plan limit -39999
compute initial stop until 0
current timestep 6008
planning flow reduced
plan limit -33595
compute initial stop until 0
current timestep 6043
planning flow reduced
plan limit 786
compute initial stop until 0
current timestep 6049
planning flow reduced
plan limit -2613
compute initial stop until 0
current timestep 6053
planning flow reduced
plan limit 787
compute initial stop until 0
current timestep 6058
planning flow reduced
plan limit -4351
compute initial stop until 0
current timestep 6064
planning flow reduced
plan limit 788
compute initial stop until 0
current timestep 6069
planning flow reduced
plan limit 795
compute initial stop until 0
current timestep 6074
planning flow reduced
plan limit -306
compute initial stop until 0
current timestep 6076
planning flow reduced
plan limit -43860
compute initial stop until 0
current timestep 6121
planning flow reduced
plan limit 786
compute initial stop until 0
current timestep 6126
planning flow reduced
plan limit 794
compute initial stop until 0
current timestep 6131
planning flow reduced
plan limit -21967
compute initial stop until 0
current timestep 6154
planning flow reduced
plan limit 786
compute initial stop until 0
current timestep 6159
planning flow reduced
plan limit 796
compute initial stop until 0
current timestep 6164
planning flow reduced
plan limit 782
compute initial stop until 0
current timestep 6169
planning flow reduced
plan limit 789
compute initial stop until 0
current timestep 6174
planning flow reduced
plan limit -27487
compute initial stop until 0
current timestep 6203
planning flow reduced
plan limit -42365
compute initial stop until 0
current timestep 6247
planning flow reduced
plan limit -21297
compute initial stop until 0
current timestep 6270
planning flow reduced
plan limit 784
compute initial stop until 0
current timestep 6275
planning flow reduced
plan limit 800
compute initial stop until 0
current timestep 6280
planning flow reduced
plan limit 748
compute initial stop until 0
current timestep 6287
planning flow reduced
plan limit 797
compute initial stop until 0
current timestep 6292
planning flow reduced
plan limit 782
compute initial stop until 0
current timestep 6297
planning flow reduced
plan limit -2756
compute initial stop until 0
current timestep 6301
planning flow reduced
plan limit -21901
compute initial stop until 0
current timestep 6324
planning flow reduced
plan limit 785
compute initial stop until 0
current timestep 6329
planning flow reduced
plan limit -4010
compute initial stop until 0
current timestep 6335
planning flow reduced
plan limit 785
compute initial stop until 0
current timestep 6340
planning flow reduced
plan limit 793
compute initial stop until 0
current timestep 6345
planning flow reduced
plan limit -3650
compute initial stop until 0
current timestep 6350
planning flow reduced
plan limit 786
compute initial stop until 0
current timestep 6355
planning flow reduced
plan limit -43947
compute initial stop until 0
current timestep 6400
planning flow reduced
plan limit 777
compute initial stop until 0
current timestep 6406
planning flow reduced
plan limit 789
compute initial stop until 0
current timestep 6411
planning flow reduced
plan limit 783
compute initial stop until 0
current timestep 6416
planning flow reduced
plan limit -47695
compute initial stop until 0
current timestep 6465
planning flow reduced
plan limit 756
compute initial stop until 0
current timestep 6471
planning flow reduced
plan limit -43088
compute initial stop until 0
current timestep 6516
planning flow reduced
plan limit 749
compute initial stop until 0
current timestep 6522
planning flow reduced
plan limit -42176
compute initial stop until 0
current timestep 6566
planning flow reduced
plan limit -43418
compute initial stop until 0
current timestep 6611
planning flow reduced
plan limit 751
compute initial stop until 0
current timestep 6617
planning flow reduced
plan limit 776
compute initial stop until 0
current timestep 6623
planning flow reduced
plan limit -42797
compute initial stop until 0
current timestep 6667
planning flow reduced
plan limit -43411
compute initial stop until 0
current timestep 6712
planning flow reduced
plan limit -10993
compute initial stop until 0
current timestep 6724
planning flow reduced
plan limit -42756
compute initial stop until 0
current timestep 6768
planning flow reduced
plan limit -46130
compute initial stop until 0
current timestep 6816
planning flow reduced
plan limit 781
compute initial stop until 0
current timestep 6822
planning flow reduced
plan limit 779
compute initial stop until 0
current timestep 6828
planning flow reduced
plan limit -46039
compute initial stop until 0
current timestep 6876
planning flow reduced
plan limit 786
compute initial stop until 0
current timestep 6881
planning flow reduced
plan limit 792
compute initial stop until 0
current timestep 6886
planning flow reduced
plan limit 761
compute initial stop until 0
current timestep 6891
planning flow reduced
plan limit -46031
compute initial stop until 0
current timestep 6939
planning flow reduced
plan limit 790
compute initial stop until 0
current timestep 6944
planning flow reduced
plan limit -36929
compute initial stop until 0
current timestep 6982
planning flow reduced
