planner init
finish init
current timestep 0
planning flow reduced
plan limit -90
compute initial stop until 0
current timestep 2
planning flow reduced
plan limit 721
compute initial stop until 0
current timestep 3
planning flow reduced
plan limit 769
compute initial stop until 0
current timestep 5
planning flow reduced
plan limit 739
compute initial stop until 0
current timestep 7
planning flow reduced
plan limit 765
compute initial stop until 0
current timestep 9
planning flow reduced
plan limit 767
compute initial stop until 0
current timestep 11
planning flow reduced
plan limit 769
compute initial stop until 0
current timestep 13
planning flow reduced
plan limit 771
compute initial stop until 0
current timestep 15
planning flow reduced
plan limit 764
compute initial stop until 0
current timestep 17
planning flow reduced
plan limit 769
compute initial stop until 0
current timestep 19
planning flow reduced
plan limit 765
compute initial stop until 0
current timestep 21
planning flow reduced
plan limit 737
compute initial stop until 0
current timestep 24
planning flow reduced
plan limit 755
compute initial stop until 0
current timestep 26
planning flow reduced
plan limit 766
compute initial stop until 0
current timestep 28
planning flow reduced
plan limit 761
compute initial stop until 0
current timestep 31
planning flow reduced
plan limit 718
compute initial stop until 0
current timestep 33
planning flow reduced
plan limit 763
compute initial stop until 0
current timestep 35
planning flow reduced
plan limit 760
compute initial stop until 0
current timestep 38
planning flow reduced
plan limit 765
compute initial stop until 0
current timestep 41
planning flow reduced
plan limit 766
compute initial stop until 0
current timestep 45
planning flow reduced
plan limit 758
compute initial stop until 0
current timestep 49
planning flow reduced
plan limit 746
compute initial stop until 0
current timestep 53
planning flow reduced
plan limit 747
compute initial stop until 0
current timestep 57
planning flow reduced
plan limit 763
compute initial stop until 0
current timestep 61
planning flow reduced
plan limit 757
compute initial stop until 0
current timestep 65
planning flow reduced
plan limit 770
compute initial stop until 0
current timestep 70
planning flow reduced
plan limit 766
compute initial stop until 0
current timestep 75
planning flow reduced
plan limit 772
compute initial stop until 0
current timestep 80
planning flow reduced
plan limit 765
compute initial stop until 0
current timestep 85
planning flow reduced
plan limit 768
compute initial stop until 0
current timestep 90
planning flow reduced
plan limit 766
compute initial stop until 0
current timestep 95
planning flow reduced
plan limit 770
compute initial stop until 0
current timestep 100
planning flow reduced
plan limit 768
compute initial stop until 0
current timestep 105
planning flow reduced
plan limit 775
compute initial stop until 0
current timestep 110
planning flow reduced
plan limit 777
compute initial stop until 0
current timestep 115
planning flow reduced
plan limit 775
compute initial stop until 0
current timestep 120
planning flow reduced
plan limit 777
compute initial stop until 0
current timestep 124
planning flow reduced
plan limit 775
compute initial stop until 0
current timestep 129
planning flow reduced
plan limit 778
compute initial stop until 0
current timestep 134
planning flow reduced
plan limit 770
compute initial stop until 0
current timestep 139
planning flow reduced
plan limit 774
compute initial stop until 0
current timestep 144
planning flow reduced
plan limit 773
compute initial stop until 0
current timestep 149
planning flow reduced
plan limit 772
compute initial stop until 0
current timestep 154
planning flow reduced
plan limit 775
compute initial stop until 0
current timestep 159
planning flow reduced
plan limit 777
compute initial stop until 0
current timestep 164
planning flow reduced
plan limit 778
compute initial stop until 0
current timestep 169
planning flow reduced
plan limit 777
compute initial stop until 0
current timestep 174
planning flow reduced
plan limit 779
compute initial stop until 0
current timestep 179
planning flow reduced
plan limit 769
compute initial stop until 0
current timestep 184
planning flow reduced
plan limit 775
compute initial stop until 0
current timestep 189
planning flow reduced
plan limit 778
compute initial stop until 0
current timestep 194
planning flow reduced
plan limit 778
compute initial stop until 0
current timestep 199
planning flow reduced
plan limit 770
compute initial stop until 0
current timestep 204
planning flow reduced
plan limit 778
compute initial stop until 0
current timestep 209
planning flow reduced
plan limit 777
compute initial stop until 0
current timestep 214
planning flow reduced
plan limit 781
compute initial stop until 0
current timestep 219
planning flow reduced
plan limit 781
compute initial stop until 0
current timestep 224
planning flow reduced
plan limit 742
compute initial stop until 0
current timestep 230
planning flow reduced
plan limit 770
compute initial stop until 0
current timestep 235
planning flow reduced
plan limit 776
compute initial stop until 0
current timestep 240
planning flow reduced
plan limit 776
compute initial stop until 0
current timestep 245
planning flow reduced
plan limit 736
compute initial stop until 0
current timestep 251
planning flow reduced
plan limit 734
compute initial stop until 0
current timestep 259
planning flow reduced
plan limit 766
compute initial stop until 0
current timestep 264
planning flow reduced
plan limit 765
compute initial stop until 0
current timestep 269
planning flow reduced
plan limit 757
compute initial stop until 0
current timestep 274
planning flow reduced
plan limit 764
compute initial stop until 0
current timestep 279
planning flow reduced
plan limit 759
compute initial stop until 0
current timestep 285
planning flow reduced
plan limit 763
compute initial stop until 0
current timestep 291
planning flow reduced
plan limit 753
compute initial stop until 0
current timestep 297
planning flow reduced
plan limit 774
compute initial stop until 0
current timestep 303
planning flow reduced
plan limit 751
compute initial stop until 0
current timestep 309
planning flow reduced
plan limit 767
compute initial stop until 0
current timestep 315
planning flow reduced
plan limit 763
compute initial stop until 0
current timestep 321
planning flow reduced
plan limit 752
compute initial stop until 0
current timestep 328
planning flow reduced
plan limit 761
compute initial stop until 0
current timestep 335
planning flow reduced
plan limit 749
compute initial stop until 0
current timestep 342
planning flow reduced
plan limit 751
compute initial stop until 0
current timestep 348
planning flow reduced
plan limit 750
compute initial stop until 0
current timestep 355
planning flow reduced
plan limit 742
compute initial stop until 0
current timestep 362
planning flow reduced
plan limit 740
compute initial stop until 0
current timestep 368
planning flow reduced
plan limit 741
compute initial stop until 0
current timestep 375
planning flow reduced
plan limit 735
compute initial stop until 0
current timestep 381
planning flow reduced
plan limit 742
compute initial stop until 0
current timestep 387
planning flow reduced
plan limit 766
compute initial stop until 0
current timestep 392
planning flow reduced
plan limit 763
compute initial stop until 0
current timestep 398
planning flow reduced
plan limit 766
compute initial stop until 0
current timestep 404
planning flow reduced
plan limit 761
compute initial stop until 0
current timestep 410
planning flow reduced
plan limit 770
compute initial stop until 0
current timestep 416
planning flow reduced
plan limit 775
compute initial stop until 0
current timestep 422
planning flow reduced
plan limit 777
compute initial stop until 0
current timestep 428
planning flow reduced
plan limit 775
compute initial stop until 0
current timestep 434
planning flow reduced
plan limit 777
compute initial stop until 0
current timestep 440
planning flow reduced
plan limit 720
compute initial stop until 0
current timestep 446
planning flow reduced
plan limit 777
compute initial stop until 0
current timestep 452
planning flow reduced
plan limit 777
compute initial stop until 0
current timestep 458
planning flow reduced
plan limit 782
compute initial stop until 0
current timestep 464
planning flow reduced
plan limit 775
compute initial stop until 0
current timestep 470
planning flow reduced
plan limit 777
compute initial stop until 0
current timestep 476
planning flow reduced
plan limit 773
compute initial stop until 0
current timestep 482
planning flow reduced
plan limit 776
compute initial stop until 0
current timestep 488
planning flow reduced
plan limit 775
compute initial stop until 0
current timestep 494
planning flow reduced
plan limit 780
compute initial stop until 0
current timestep 500
planning flow reduced
plan limit 799
compute initial stop until 0
current timestep 506
planning flow reduced
plan limit 778
compute initial stop until 0
current timestep 512
planning flow reduced
plan limit 774
compute initial stop until 0
current timestep 518
planning flow reduced
plan limit 779
compute initial stop until 0
current timestep 524
planning flow reduced
plan limit 773
compute initial stop until 0
current timestep 530
planning flow reduced
plan limit 779
compute initial stop until 0
current timestep 536
planning flow reduced
plan limit 775
compute initial stop until 0
current timestep 542
planning flow reduced
plan limit 778
compute initial stop until 0
current timestep 548
planning flow reduced
plan limit 778
compute initial stop until 0
current timestep 554
planning flow reduced
plan limit 777
compute initial stop until 0
current timestep 560
planning flow reduced
plan limit 778
compute initial stop until 0
current timestep 566
planning flow reduced
plan limit 775
compute initial stop until 0
current timestep 572
planning flow reduced
plan limit 781
compute initial stop until 0
current timestep 578
planning flow reduced
plan limit 777
compute initial stop until 0
current timestep 584
planning flow reduced
plan limit 801
compute initial stop until 0
current timestep 590
planning flow reduced
plan limit 800
compute initial stop until 0
current timestep 596
planning flow reduced
plan limit 773
compute initial stop until 0
current timestep 602
planning flow reduced
plan limit 791
compute initial stop until 0
current timestep 608
planning flow reduced
plan limit 769
compute initial stop until 0
current timestep 614
planning flow reduced
plan limit 771
compute initial stop until 0
current timestep 620
planning flow reduced
plan limit 770
compute initial stop until 0
current timestep 626
planning flow reduced
plan limit 764
compute initial stop until 0
current timestep 632
planning flow reduced
plan limit 774
compute initial stop until 0
current timestep 638
planning flow reduced
plan limit 773
compute initial stop until 0
current timestep 644
planning flow reduced
plan limit 795
compute initial stop until 0
current timestep 650
planning flow reduced
plan limit 769
compute initial stop until 0
current timestep 656
planning flow reduced
plan limit 769
compute initial stop until 0
current timestep 661
planning flow reduced
plan limit 764
compute initial stop until 0
current timestep 666
planning flow reduced
plan limit 786
compute initial stop until 0
current timestep 672
planning flow reduced
plan limit 768
compute initial stop until 0
current timestep 678
planning flow reduced
plan limit 744
compute initial stop until 0
current timestep 684
planning flow reduced
plan limit 759
compute initial stop until 0
current timestep 690
planning flow reduced
plan limit 759
compute initial stop until 0
current timestep 696
planning flow reduced
plan limit 784
compute initial stop until 0
current timestep 702
planning flow reduced
plan limit 777
compute initial stop until 0
current timestep 708
planning flow reduced
plan limit 736
compute initial stop until 0
current timestep 715
planning flow reduced
plan limit 788
compute initial stop until 0
current timestep 721
planning flow reduced
plan limit 781
compute initial stop until 0
current timestep 727
planning flow reduced
plan limit 786
compute initial stop until 0
current timestep 733
planning flow reduced
plan limit 788
compute initial stop until 0
current timestep 738
planning flow reduced
plan limit 760
compute initial stop until 0
current timestep 744
planning flow reduced
plan limit 795
compute initial stop until 0
current timestep 750
planning flow reduced
plan limit 793
compute initial stop until 0
current timestep 756
planning flow reduced
plan limit 768
compute initial stop until 0
current timestep 762
planning flow reduced
plan limit 768
compute initial stop until 0
current timestep 768
planning flow reduced
plan limit 762
compute initial stop until 0
current timestep 774
planning flow reduced
plan limit 769
compute initial stop until 0
current timestep 780
planning flow reduced
plan limit 653
compute initial stop until 0
current timestep 786
planning flow reduced
plan limit 777
compute initial stop until 0
current timestep 792
planning flow reduced
plan limit 778
compute initial stop until 0
current timestep 798
planning flow reduced
plan limit 802
compute initial stop until 0
current timestep 804
planning flow reduced
plan limit 771
compute initial stop until 0
current timestep 810
planning flow reduced
plan limit 768
compute initial stop until 0
current timestep 816
planning flow reduced
plan limit 735
compute initial stop until 0
current timestep 822
planning flow reduced
plan limit 787
compute initial stop until 0
current timestep 828
planning flow reduced
plan limit 767
compute initial stop until 0
current timestep 834
planning flow reduced
plan limit 767
compute initial stop until 0
current timestep 840
planning flow reduced
plan limit 789
compute initial stop until 0
current timestep 846
planning flow reduced
plan limit 795
compute initial stop until 0
current timestep 852
planning flow reduced
plan limit 770
compute initial stop until 0
current timestep 858
planning flow reduced
plan limit 792
compute initial stop until 0
current timestep 864
planning flow reduced
plan limit 771
compute initial stop until 0
current timestep 870
planning flow reduced
plan limit 792
compute initial stop until 0
current timestep 876
planning flow reduced
plan limit 788
compute initial stop until 0
current timestep 882
planning flow reduced
plan limit 774
compute initial stop until 0
current timestep 888
planning flow reduced
plan limit 756
compute initial stop until 0
current timestep 894
planning flow reduced
plan limit 791
compute initial stop until 0
current timestep 900
planning flow reduced
plan limit 785
compute initial stop until 0
current timestep 906
planning flow reduced
plan limit 790
compute initial stop until 0
current timestep 912
planning flow reduced
plan limit 799
compute initial stop until 0
current timestep 918
planning flow reduced
plan limit 747
compute initial stop until 0
current timestep 924
planning flow reduced
plan limit 790
compute initial stop until 0
current timestep 930
planning flow reduced
plan limit 792
compute initial stop until 0
current timestep 936
planning flow reduced
plan limit 771
compute initial stop until 0
current timestep 942
planning flow reduced
plan limit 771
compute initial stop until 0
current timestep 948
planning flow reduced
plan limit 759
compute initial stop until 0
current timestep 954
planning flow reduced
plan limit 795
compute initial stop until 0
current timestep 960
planning flow reduced
plan limit 771
compute initial stop until 0
current timestep 966
planning flow reduced
plan limit 793
compute initial stop until 0
current timestep 972
planning flow reduced
plan limit 773
compute initial stop until 0
current timestep 978
planning flow reduced
plan limit 771
compute initial stop until 0
current timestep 984
planning flow reduced
plan limit 766
compute initial stop until 0
current timestep 990
planning flow reduced
plan limit 799
compute initial stop until 0
current timestep 996
planning flow reduced
plan limit 794
compute initial stop until 0
current timestep 1002
planning flow reduced
plan limit 773
compute initial stop until 0
current timestep 1008
planning flow reduced
plan limit 771
compute initial stop until 0
current timestep 1014
planning flow reduced
plan limit 798
compute initial stop until 0
current timestep 1020
planning flow reduced
plan limit 770
compute initial stop until 0
current timestep 1026
planning flow reduced
plan limit 794
compute initial stop until 0
current timestep 1032
planning flow reduced
plan limit 774
compute initial stop until 0
current timestep 1038
planning flow reduced
plan limit 768
compute initial stop until 0
current timestep 1044
planning flow reduced
plan limit 766
compute initial stop until 0
current timestep 1050
planning flow reduced
plan limit 786
compute initial stop until 0
current timestep 1056
planning flow reduced
plan limit 767
compute initial stop until 0
current timestep 1062
planning flow reduced
plan limit 765
compute initial stop until 0
current timestep 1068
planning flow reduced
plan limit 788
compute initial stop until 0
current timestep 1074
planning flow reduced
plan limit 793
compute initial stop until 0
current timestep 1080
planning flow reduced
plan limit 762
compute initial stop until 0
current timestep 1085
planning flow reduced
plan limit 760
compute initial stop until 0
current timestep 1090
planning flow reduced
plan limit 785
compute initial stop until 0
current timestep 1096
planning flow reduced
plan limit 763
compute initial stop until 0
current timestep 1101
planning flow reduced
plan limit 785
compute initial stop until 0
current timestep 1107
planning flow reduced
plan limit 787
compute initial stop until 0
current timestep 1112
planning flow reduced
plan limit 752
compute initial stop until 0
current timestep 1118
planning flow reduced
plan limit 752
compute initial stop until 0
current timestep 1124
planning flow reduced
plan limit 775
compute initial stop until 0
current timestep 1129
planning flow reduced
plan limit 753
compute initial stop until 0
current timestep 1135
planning flow reduced
plan limit 757
compute initial stop until 0
current timestep 1141
planning flow reduced
plan limit 785
compute initial stop until 0
current timestep 1146
planning flow reduced
plan limit 781
compute initial stop until 0
current timestep 1152
planning flow reduced
plan limit 776
compute initial stop until 0
current timestep 1157
planning flow reduced
plan limit 753
compute initial stop until 0
current timestep 1163
planning flow reduced
plan limit 783
compute initial stop until 0
current timestep 1168
planning flow reduced
plan limit 758
compute initial stop until 0
current timestep 1174
planning flow reduced
plan limit 751
compute initial stop until 0
current timestep 1180
planning flow reduced
plan limit 774
compute initial stop until 0
current timestep 1185
planning flow reduced
plan limit 755
compute initial stop until 0
current timestep 1191
planning flow reduced
plan limit 756
compute initial stop until 0
current timestep 1197
planning flow reduced
plan limit 758
compute initial stop until 0
current timestep 1203
planning flow reduced
plan limit 779
compute initial stop until 0
current timestep 1208
planning flow reduced
plan limit 757
compute initial stop until 0
current timestep 1214
planning flow reduced
plan limit 779
compute initial stop until 0
current timestep 1220
planning flow reduced
plan limit 778
compute initial stop until 0
current timestep 1226
planning flow reduced
plan limit 756
compute initial stop until 0
current timestep 1232
planning flow reduced
plan limit 752
compute initial stop until 0
current timestep 1238
planning flow reduced
plan limit 749
compute initial stop until 0
current timestep 1243
planning flow reduced
plan limit 782
compute initial stop until 0
current timestep 1248
planning flow reduced
plan limit 757
compute initial stop until 0
current timestep 1254
planning flow reduced
plan limit 753
compute initial stop until 0
current timestep 1260
planning flow reduced
plan limit 784
compute initial stop until 0
current timestep 1266
planning flow reduced
plan limit 752
compute initial stop until 0
current timestep 1271
planning flow reduced
plan limit 765
compute initial stop until 0
current timestep 1277
planning flow reduced
plan limit 788
compute initial stop until 0
current timestep 1283
planning flow reduced
plan limit 744
compute initial stop until 0
current timestep 1288
planning flow reduced
plan limit 797
compute initial stop until 0
current timestep 1294
planning flow reduced
plan limit 770
compute initial stop until 0
current timestep 1300
planning flow reduced
plan limit 790
compute initial stop until 0
current timestep 1305
planning flow reduced
plan limit 793
compute initial stop until 0
current timestep 1311
planning flow reduced
plan limit 791
compute initial stop until 0
current timestep 1317
planning flow reduced
plan limit 761
compute initial stop until 0
current timestep 1322
planning flow reduced
plan limit 791
compute initial stop until 0
current timestep 1328
planning flow reduced
plan limit 794
compute initial stop until 0
current timestep 1334
planning flow reduced
plan limit 770
compute initial stop until 0
current timestep 1340
planning flow reduced
plan limit 794
compute initial stop until 0
current timestep 1346
planning flow reduced
plan limit 796
compute initial stop until 0
current timestep 1352
planning flow reduced
plan limit 801
compute initial stop until 0
current timestep 1357
planning flow reduced
plan limit 793
compute initial stop until 0
current timestep 1363
planning flow reduced
plan limit 801
compute initial stop until 0
current timestep 1368
planning flow reduced
plan limit 793
compute initial stop until 0
current timestep 1373
planning flow reduced
plan limit 793
compute initial stop until 0
current timestep 1379
planning flow reduced
plan limit 776
compute initial stop until 0
current timestep 1385
planning flow reduced
plan limit 797
compute initial stop until 0
current timestep 1391
planning flow reduced
plan limit 770
compute initial stop until 0
current timestep 1396
planning flow reduced
plan limit 800
compute initial stop until 0
current timestep 1402
planning flow reduced
plan limit 794
compute initial stop until 0
current timestep 1408
planning flow reduced
plan limit 798
compute initial stop until 0
current timestep 1414
planning flow reduced
plan limit 795
compute initial stop until 0
current timestep 1419
planning flow reduced
plan limit 765
compute initial stop until 0
current timestep 1427
planning flow reduced
plan limit 772
compute initial stop until 0
current timestep 1433
planning flow reduced
plan limit 794
compute initial stop until 0
current timestep 1438
planning flow reduced
plan limit 795
compute initial stop until 0
current timestep 1444
planning flow reduced
plan limit 766
compute initial stop until 0
current timestep 1450
planning flow reduced
plan limit 791
compute initial stop until 0
current timestep 1455
planning flow reduced
plan limit 799
compute initial stop until 0
current timestep 1460
planning flow reduced
plan limit 792
compute initial stop until 0
current timestep 1466
planning flow reduced
plan limit 776
compute initial stop until 0
current timestep 1471
planning flow reduced
plan limit 794
compute initial stop until 0
current timestep 1476
planning flow reduced
plan limit 800
compute initial stop until 0
current timestep 1481
planning flow reduced
plan limit 768
compute initial stop until 0
current timestep 1486
planning flow reduced
plan limit 802
compute initial stop until 0
current timestep 1491
planning flow reduced
plan limit 792
compute initial stop until 0
current timestep 1496
planning flow reduced
plan limit 771
compute initial stop until 0
current timestep 1502
planning flow reduced
plan limit 763
compute initial stop until 0
current timestep 1507
planning flow reduced
plan limit 768
compute initial stop until 0
current timestep 1513
planning flow reduced
plan limit 794
compute initial stop until 0
current timestep 1519
planning flow reduced
plan limit 787
compute initial stop until 0
current timestep 1524
planning flow reduced
plan limit 770
compute initial stop until 0
current timestep 1530
planning flow reduced
plan limit 762
compute initial stop until 0
current timestep 1536
planning flow reduced
plan limit 791
compute initial stop until 0
current timestep 1542
planning flow reduced
plan limit 759
compute initial stop until 0
current timestep 1548
planning flow reduced
plan limit 770
compute initial stop until 0
current timestep 1553
planning flow reduced
plan limit 781
compute initial stop until 0
current timestep 1558
planning flow reduced
plan limit 790
compute initial stop until 0
current timestep 1563
planning flow reduced
plan limit 758
compute initial stop until 0
current timestep 1569
planning flow reduced
plan limit 756
compute initial stop until 0
current timestep 1575
planning flow reduced
plan limit 775
compute initial stop until 0
current timestep 1581
planning flow reduced
plan limit 782
compute initial stop until 0
current timestep 1587
planning flow reduced
plan limit 737
compute initial stop until 0
current timestep 1593
planning flow reduced
plan limit 764
compute initial stop until 0
current timestep 1599
planning flow reduced
plan limit 773
compute initial stop until 0
current timestep 1604
planning flow reduced
plan limit 783
compute initial stop until 0
current timestep 1609
planning flow reduced
plan limit 746
compute initial stop until 0
current timestep 1615
planning flow reduced
plan limit 766
compute initial stop until 0
current timestep 1621
planning flow reduced
plan limit 751
compute initial stop until 0
current timestep 1627
planning flow reduced
plan limit 754
compute initial stop until 0
current timestep 1633
planning flow reduced
plan limit 784
compute initial stop until 0
current timestep 1638
planning flow reduced
plan limit 777
compute initial stop until 0
current timestep 1644
planning flow reduced
plan limit 743
compute initial stop until 0
current timestep 1649
planning flow reduced
plan limit 785
compute initial stop until 0
current timestep 1654
planning flow reduced
plan limit 756
compute initial stop until 0
current timestep 1660
planning flow reduced
plan limit 753
compute initial stop until 0
current timestep 1665
planning flow reduced
plan limit 786
compute initial stop until 0
current timestep 1670
planning flow reduced
plan limit 782
compute initial stop until 0
current timestep 1675
planning flow reduced
plan limit 781
compute initial stop until 0
current timestep 1680
planning flow reduced
plan limit 766
compute initial stop until 0
current timestep 1685
planning flow reduced
plan limit 787
compute initial stop until 0
current timestep 1690
planning flow reduced
plan limit 773
compute initial stop until 0
current timestep 1695
planning flow reduced
plan limit 767
compute initial stop until 0
current timestep 1700
planning flow reduced
plan limit 775
compute initial stop until 0
current timestep 1705
planning flow reduced
plan limit 768
compute initial stop until 0
current timestep 1710
planning flow reduced
plan limit 760
compute initial stop until 0
current timestep 1715
planning flow reduced
plan limit 784
compute initial stop until 0
current timestep 1720
planning flow reduced
plan limit 774
compute initial stop until 0
current timestep 1725
planning flow reduced
plan limit 790
compute initial stop until 0
current timestep 1730
planning flow reduced
plan limit 776
compute initial stop until 0
current timestep 1735
planning flow reduced
plan limit 765
compute initial stop until 0
current timestep 1740
planning flow reduced
plan limit 775
compute initial stop until 0
current timestep 1745
planning flow reduced
plan limit 770
compute initial stop until 0
current timestep 1750
planning flow reduced
plan limit 777
compute initial stop until 0
current timestep 1755
planning flow reduced
plan limit 767
compute initial stop until 0
current timestep 1760
planning flow reduced
plan limit 798
compute initial stop until 0
current timestep 1765
planning flow reduced
plan limit 772
compute initial stop until 0
current timestep 1770
planning flow reduced
plan limit 773
compute initial stop until 0
current timestep 1775
planning flow reduced
plan limit 793
compute initial stop until 0
current timestep 1780
planning flow reduced
plan limit 775
compute initial stop until 0
current timestep 1785
planning flow reduced
plan limit 792
compute initial stop until 0
current timestep 1790
planning flow reduced
plan limit 799
compute initial stop until 0
current timestep 1795
planning flow reduced
plan limit 799
compute initial stop until 0
current timestep 1800
planning flow reduced
plan limit 771
compute initial stop until 0
current timestep 1805
planning flow reduced
plan limit 776
compute initial stop until 0
current timestep 1810
planning flow reduced
plan limit 794
compute initial stop until 0
current timestep 1815
planning flow reduced
plan limit 796
compute initial stop until 0
current timestep 1820
planning flow reduced
plan limit 793
compute initial stop until 0
current timestep 1825
planning flow reduced
plan limit 799
compute initial stop until 0
current timestep 1830
planning flow reduced
plan limit 766
compute initial stop until 0
current timestep 1835
planning flow reduced
plan limit 772
compute initial stop until 0
current timestep 1840
planning flow reduced
plan limit 793
compute initial stop until 0
current timestep 1845
planning flow reduced
plan limit 798
compute initial stop until 0
current timestep 1850
planning flow reduced
plan limit 795
compute initial stop until 0
current timestep 1855
planning flow reduced
plan limit 797
compute initial stop until 0
current timestep 1860
planning flow reduced
plan limit 787
compute initial stop until 0
current timestep 1865
planning flow reduced
plan limit 799
compute initial stop until 0
current timestep 1870
planning flow reduced
plan limit 785
compute initial stop until 0
current timestep 1875
planning flow reduced
plan limit 799
compute initial stop until 0
current timestep 1880
planning flow reduced
plan limit 798
compute initial stop until 0
current timestep 1885
planning flow reduced
plan limit 791
compute initial stop until 0
current timestep 1890
planning flow reduced
plan limit 801
compute initial stop until 0
current timestep 1895
planning flow reduced
plan limit 800
compute initial stop until 0
current timestep 1900
planning flow reduced
plan limit 794
compute initial stop until 0
current timestep 1905
planning flow reduced
plan limit 797
compute initial stop until 0
current timestep 1910
planning flow reduced
plan limit 772
compute initial stop until 0
current timestep 1915
planning flow reduced
plan limit 798
compute initial stop until 0
current timestep 1920
planning flow reduced
plan limit 771
compute initial stop until 0
current timestep 1925
planning flow reduced
plan limit 772
compute initial stop until 0
current timestep 1930
planning flow reduced
plan limit 774
compute initial stop until 0
current timestep 1935
planning flow reduced
plan limit 790
compute initial stop until 0
current timestep 1940
planning flow reduced
plan limit 774
compute initial stop until 0
current timestep 1945
planning flow reduced
plan limit 774
compute initial stop until 0
current timestep 1950
planning flow reduced
plan limit 788
compute initial stop until 0
current timestep 1955
planning flow reduced
plan limit 765
compute initial stop until 0
current timestep 1960
planning flow reduced
plan limit 789
compute initial stop until 0
current timestep 1965
planning flow reduced
plan limit 792
compute initial stop until 0
current timestep 1970
planning flow reduced
plan limit 762
compute initial stop until 0
current timestep 1975
planning flow reduced
plan limit 790
compute initial stop until 0
current timestep 1980
planning flow reduced
plan limit 787
compute initial stop until 0
current timestep 1985
planning flow reduced
plan limit 797
compute initial stop until 0
current timestep 1990
planning flow reduced
plan limit 793
compute initial stop until 0
current timestep 1995
planning flow reduced
plan limit 780
compute initial stop until 0
current timestep 2000
planning flow reduced
plan limit 764
compute initial stop until 0
current timestep 2005
planning flow reduced
plan limit 788
compute initial stop until 0
current timestep 2010
planning flow reduced
plan limit 784
compute initial stop until 0
current timestep 2015
planning flow reduced
plan limit 756
compute initial stop until 0
current timestep 2021
planning flow reduced
plan limit 765
compute initial stop until 0
current timestep 2027
planning flow reduced
plan limit 751
compute initial stop until 0
current timestep 2033
planning flow reduced
plan limit 773
compute initial stop until 0
current timestep 2039
planning flow reduced
plan limit 780
compute initial stop until 0
current timestep 2043
planning flow reduced
plan limit 748
compute initial stop until 0
current timestep 2049
planning flow reduced
plan limit 784
compute initial stop until 0
current timestep 2054
planning flow reduced
plan limit 785
compute initial stop until 0
current timestep 2059
planning flow reduced
plan limit 754
compute initial stop until 0
current timestep 2065
planning flow reduced
plan limit 783
compute initial stop until 0
current timestep 2071
planning flow reduced
plan limit 779
compute initial stop until 0
current timestep 2076
planning flow reduced
plan limit 778
compute initial stop until 0
current timestep 2082
planning flow reduced
plan limit 777
compute initial stop until 0
current timestep 2087
planning flow reduced
plan limit 746
compute initial stop until 0
current timestep 2093
planning flow reduced
plan limit 775
compute initial stop until 0
current timestep 2099
planning flow reduced
plan limit 749
compute initial stop until 0
current timestep 2105
planning flow reduced
plan limit 769
compute initial stop until 0
current timestep 2110
planning flow reduced
plan limit 773
compute initial stop until 0
current timestep 2116
planning flow reduced
plan limit 783
compute initial stop until 0
current timestep 2121
planning flow reduced
plan limit 761
compute initial stop until 0
current timestep 2126
planning flow reduced
plan limit 778
compute initial stop until 0
current timestep 2131
planning flow reduced
plan limit 765
compute initial stop until 0
current timestep 2136
planning flow reduced
plan limit 766
compute initial stop until 0
current timestep 2141
planning flow reduced
plan limit 789
compute initial stop until 0
current timestep 2146
planning flow reduced
plan limit 779
compute initial stop until 0
current timestep 2151
planning flow reduced
plan limit 795
compute initial stop until 0
current timestep 2156
planning flow reduced
plan limit 798
compute initial stop until 0
current timestep 2161
planning flow reduced
plan limit 799
compute initial stop until 0
current timestep 2166
planning flow reduced
plan limit 772
compute initial stop until 0
current timestep 2171
planning flow reduced
plan limit 772
compute initial stop until 0
current timestep 2176
planning flow reduced
plan limit 768
compute initial stop until 0
current timestep 2181
planning flow reduced
plan limit 772
compute initial stop until 0
current timestep 2186
planning flow reduced
plan limit 769
compute initial stop until 0
current timestep 2191
planning flow reduced
plan limit 793
compute initial stop until 0
current timestep 2196
planning flow reduced
plan limit 770
compute initial stop until 0
current timestep 2201
planning flow reduced
plan limit 793
compute initial stop until 0
current timestep 2206
planning flow reduced
plan limit 770
compute initial stop until 0
current timestep 2211
planning flow reduced
plan limit 766
compute initial stop until 0
current timestep 2216
planning flow reduced
plan limit 796
compute initial stop until 0
current timestep 2221
planning flow reduced
plan limit 768
compute initial stop until 0
current timestep 2226
planning flow reduced
plan limit 774
compute initial stop until 0
current timestep 2231
planning flow reduced
plan limit 769
compute initial stop until 0
current timestep 2236
planning flow reduced
plan limit 797
compute initial stop until 0
current timestep 2241
planning flow reduced
plan limit 768
compute initial stop until 0
current timestep 2246
planning flow reduced
plan limit 772
compute initial stop until 0
current timestep 2251
planning flow reduced
plan limit 794
compute initial stop until 0
current timestep 2256
planning flow reduced
plan limit 750
compute initial stop until 0
current timestep 2262
planning flow reduced
plan limit 771
compute initial stop until 0
current timestep 2267
planning flow reduced
plan limit 777
compute initial stop until 0
current timestep 2272
planning flow reduced
plan limit 768
compute initial stop until 0
current timestep 2277
planning flow reduced
plan limit 776
compute initial stop until 0
current timestep 2282
planning flow reduced
plan limit 792
compute initial stop until 0
current timestep 2287
planning flow reduced
plan limit 776
compute initial stop until 0
current timestep 2292
planning flow reduced
plan limit 791
compute initial stop until 0
current timestep 2297
planning flow reduced
plan limit 797
compute initial stop until 0
current timestep 2302
planning flow reduced
plan limit 771
compute initial stop until 0
current timestep 2307
planning flow reduced
plan limit 799
compute initial stop until 0
current timestep 2312
planning flow reduced
plan limit 774
compute initial stop until 0
current timestep 2317
planning flow reduced
plan limit 767
compute initial stop until 0
current timestep 2322
planning flow reduced
plan limit 793
compute initial stop until 0
current timestep 2327
planning flow reduced
plan limit 789
compute initial stop until 0
current timestep 2332
planning flow reduced
plan limit 789
compute initial stop until 0
current timestep 2337
planning flow reduced
plan limit 764
compute initial stop until 0
current timestep 2342
planning flow reduced
plan limit 765
compute initial stop until 0
current timestep 2347
planning flow reduced
plan limit 791
compute initial stop until 0
current timestep 2352
planning flow reduced
plan limit 791
compute initial stop until 0
current timestep 2357
planning flow reduced
plan limit 792
compute initial stop until 0
current timestep 2362
planning flow reduced
plan limit 790
compute initial stop until 0
current timestep 2367
planning flow reduced
plan limit 787
compute initial stop until 0
current timestep 2372
planning flow reduced
plan limit 761
compute initial stop until 0
current timestep 2378
planning flow reduced
plan limit 787
compute initial stop until 0
current timestep 2383
planning flow reduced
plan limit 792
compute initial stop until 0
current timestep 2388
planning flow reduced
plan limit 760
compute initial stop until 0
current timestep 2392
planning flow reduced
plan limit 770
compute initial stop until 0
current timestep 2397
planning flow reduced
plan limit 758
compute initial stop until 0
current timestep 2402
planning flow reduced
plan limit 784
compute initial stop until 0
current timestep 2407
planning flow reduced
plan limit 761
compute initial stop until 0
current timestep 2411
planning flow reduced
plan limit 788
compute initial stop until 0
current timestep 2416
planning flow reduced
plan limit 790
compute initial stop until 0
current timestep 2421
planning flow reduced
plan limit 784
compute initial stop until 0
current timestep 2425
planning flow reduced
plan limit 790
compute initial stop until 0
current timestep 2430
planning flow reduced
plan limit 760
compute initial stop until 0
current timestep 2435
planning flow reduced
plan limit 758
compute initial stop until 0
current timestep 2440
planning flow reduced
plan limit 759
compute initial stop until 0
current timestep 2445
planning flow reduced
plan limit 788
compute initial stop until 0
current timestep 2451
planning flow reduced
plan limit 780
compute initial stop until 0
current timestep 2455
planning flow reduced
plan limit 753
compute initial stop until 0
current timestep 2461
planning flow reduced
plan limit 779
compute initial stop until 0
current timestep 2467
planning flow reduced
plan limit 763
compute initial stop until 0
current timestep 2472
planning flow reduced
plan limit 779
compute initial stop until 0
current timestep 2476
planning flow reduced
plan limit 780
compute initial stop until 0
current timestep 2481
planning flow reduced
plan limit 783
compute initial stop until 0
current timestep 2485
planning flow reduced
plan limit 778
compute initial stop until 0
current timestep 2489
planning flow reduced
plan limit 774
compute initial stop until 0
current timestep 2494
planning flow reduced
plan limit 737
compute initial stop until 0
current timestep 2499
planning flow reduced
plan limit 759
compute initial stop until 0
current timestep 2504
planning flow reduced
plan limit 762
compute initial stop until 0
current timestep 2509
planning flow reduced
plan limit 755
compute initial stop until 0
current timestep 2513
planning flow reduced
plan limit 780
compute initial stop until 0
current timestep 2518
planning flow reduced
plan limit 793
compute initial stop until 0
current timestep 2523
planning flow reduced
plan limit 790
compute initial stop until 0
current timestep 2528
planning flow reduced
plan limit 795
compute initial stop until 0
current timestep 2533
planning flow reduced
plan limit 780
compute initial stop until 0
current timestep 2538
planning flow reduced
plan limit 792
compute initial stop until 0
current timestep 2543
planning flow reduced
plan limit 789
compute initial stop until 0
current timestep 2548
planning flow reduced
plan limit 794
compute initial stop until 0
current timestep 2553
planning flow reduced
plan limit 766
compute initial stop until 0
current timestep 2557
planning flow reduced
plan limit 773
compute initial stop until 0
current timestep 2561
planning flow reduced
plan limit 797
compute initial stop until 0
current timestep 2566
planning flow reduced
plan limit 795
compute initial stop until 0
current timestep 2571
planning flow reduced
plan limit 796
compute initial stop until 0
current timestep 2576
planning flow reduced
plan limit 768
compute initial stop until 0
current timestep 2580
planning flow reduced
plan limit 795
compute initial stop until 0
current timestep 2585
planning flow reduced
plan limit 771
compute initial stop until 0
current timestep 2589
planning flow reduced
plan limit 795
compute initial stop until 0
current timestep 2594
planning flow reduced
plan limit 794
compute initial stop until 0
current timestep 2598
planning flow reduced
plan limit 797
compute initial stop until 0
current timestep 2602
planning flow reduced
plan limit 766
compute initial stop until 0
current timestep 2607
planning flow reduced
plan limit 795
compute initial stop until 0
current timestep 2612
planning flow reduced
plan limit 794
compute initial stop until 0
current timestep 2617
planning flow reduced
plan limit 770
compute initial stop until 0
current timestep 2621
planning flow reduced
plan limit 772
compute initial stop until 0
current timestep 2625
planning flow reduced
plan limit 792
compute initial stop until 0
current timestep 2629
planning flow reduced
plan limit 799
compute initial stop until 0
current timestep 2634
planning flow reduced
plan limit 768
compute initial stop until 0
current timestep 2638
planning flow reduced
plan limit 795
compute initial stop until 0
current timestep 2643
planning flow reduced
plan limit 790
compute initial stop until 0
current timestep 2648
planning flow reduced
plan limit 774
compute initial stop until 0
current timestep 2652
planning flow reduced
plan limit 760
compute initial stop until 0
current timestep 2658
planning flow reduced
plan limit 772
compute initial stop until 0
current timestep 2662
planning flow reduced
plan limit 771
compute initial stop until 0
current timestep 2666
planning flow reduced
plan limit 772
compute initial stop until 0
current timestep 2670
planning flow reduced
plan limit 794
compute initial stop until 0
current timestep 2674
planning flow reduced
plan limit 771
compute initial stop until 0
current timestep 2679
planning flow reduced
plan limit 794
compute initial stop until 0
current timestep 2683
planning flow reduced
plan limit 796
compute initial stop until 0
current timestep 2688
planning flow reduced
plan limit 793
compute initial stop until 0
current timestep 2692
planning flow reduced
plan limit 796
compute initial stop until 0
current timestep 2697
planning flow reduced
plan limit 794
compute initial stop until 0
current timestep 2702
planning flow reduced
plan limit 794
compute initial stop until 0
current timestep 2707
planning flow reduced
plan limit 794
compute initial stop until 0
current timestep 2712
planning flow reduced
plan limit 798
compute initial stop until 0
current timestep 2717
planning flow reduced
plan limit 793
compute initial stop until 0
current timestep 2722
planning flow reduced
plan limit 791
compute initial stop until 0
current timestep 2726
planning flow reduced
plan limit 770
compute initial stop until 0
current timestep 2730
planning flow reduced
plan limit 795
compute initial stop until 0
current timestep 2734
planning flow reduced
plan limit 792
compute initial stop until 0
current timestep 2739
planning flow reduced
plan limit 770
compute initial stop until 0
current timestep 2743
planning flow reduced
plan limit 789
compute initial stop until 0
current timestep 2747
planning flow reduced
plan limit 763
compute initial stop until 0
current timestep 2751
planning flow reduced
plan limit 763
compute initial stop until 0
current timestep 2755
planning flow reduced
plan limit 794
compute initial stop until 0
current timestep 2759
planning flow reduced
plan limit 790
compute initial stop until 0
current timestep 2763
planning flow reduced
plan limit 766
compute initial stop until 0
current timestep 2767
planning flow reduced
plan limit 791
compute initial stop until 0
current timestep 2771
planning flow reduced
plan limit 766
compute initial stop until 0
current timestep 2776
planning flow reduced
plan limit 786
compute initial stop until 0
current timestep 2780
planning flow reduced
plan limit 788
compute initial stop until 0
current timestep 2784
planning flow reduced
plan limit 762
compute initial stop until 0
current timestep 2788
planning flow reduced
plan limit 788
compute initial stop until 0
current timestep 2793
planning flow reduced
plan limit 790
compute initial stop until 0
current timestep 2797
planning flow reduced
plan limit 760
compute initial stop until 0
current timestep 2801
planning flow reduced
plan limit 785
compute initial stop until 0
current timestep 2805
planning flow reduced
plan limit 783
compute initial stop until 0
current timestep 2809
planning flow reduced
plan limit 778
compute initial stop until 0
current timestep 2814
planning flow reduced
plan limit 782
compute initial stop until 0
current timestep 2818
planning flow reduced
plan limit 778
compute initial stop until 0
current timestep 2822
planning flow reduced
plan limit 755
compute initial stop until 0
current timestep 2827
planning flow reduced
plan limit 761
compute initial stop until 0
current timestep 2831
planning flow reduced
plan limit 786
compute initial stop until 0
current timestep 2835
planning flow reduced
plan limit 782
compute initial stop until 0
current timestep 2839
planning flow reduced
plan limit 781
compute initial stop until 0
current timestep 2843
planning flow reduced
plan limit 781
compute initial stop until 0
current timestep 2848
planning flow reduced
plan limit 752
compute initial stop until 0
current timestep 2853
planning flow reduced
plan limit 753
compute initial stop until 0
current timestep 2859
planning flow reduced
plan limit 776
compute initial stop until 0
current timestep 2864
planning flow reduced
plan limit 750
compute initial stop until 0
current timestep 2870
planning flow reduced
plan limit 770
compute initial stop until 0
current timestep 2875
planning flow reduced
plan limit 773
compute initial stop until 0
current timestep 2880
planning flow reduced
plan limit 765
compute initial stop until 0
current timestep 2885
planning flow reduced
plan limit 770
compute initial stop until 0
current timestep 2890
planning flow reduced
plan limit 739
compute initial stop until 0
current timestep 2896
planning flow reduced
plan limit 753
compute initial stop until 0
current timestep 2901
planning flow reduced
plan limit 785
compute initial stop until 0
current timestep 2905
planning flow reduced
plan limit 758
compute initial stop until 0
current timestep 2909
planning flow reduced
plan limit 763
compute initial stop until 0
current timestep 2913
planning flow reduced
plan limit 768
compute initial stop until 0
current timestep 2917
planning flow reduced
plan limit 782
compute initial stop until 0
current timestep 2921
planning flow reduced
plan limit 786
compute initial stop until 0
current timestep 2925
planning flow reduced
plan limit 770
compute initial stop until 0
current timestep 2929
planning flow reduced
plan limit 769
compute initial stop until 0
current timestep 2933
planning flow reduced
plan limit 793
compute initial stop until 0
current timestep 2937
planning flow reduced
plan limit 791
compute initial stop until 0
current timestep 2941
planning flow reduced
plan limit 770
compute initial stop until 0
current timestep 2945
planning flow reduced
plan limit 790
compute initial stop until 0
current timestep 2949
planning flow reduced
plan limit 795
compute initial stop until 0
current timestep 2954
planning flow reduced
plan limit 794
compute initial stop until 0
current timestep 2959
planning flow reduced
plan limit 770
compute initial stop until 0
current timestep 2963
planning flow reduced
plan limit 770
compute initial stop until 0
current timestep 2967
planning flow reduced
plan limit 792
compute initial stop until 0
current timestep 2971
planning flow reduced
plan limit 795
compute initial stop until 0
current timestep 2975
planning flow reduced
plan limit 792
compute initial stop until 0
current timestep 2979
planning flow reduced
plan limit 769
compute initial stop until 0
current timestep 2983
planning flow reduced
plan limit 794
compute initial stop until 0
current timestep 2987
planning flow reduced
plan limit 771
compute initial stop until 0
current timestep 2991
planning flow reduced
plan limit 767
compute initial stop until 0
current timestep 2995
planning flow reduced
plan limit 795
compute initial stop until 0
current timestep 3000
planning flow reduced
plan limit 795
compute initial stop until 0
current timestep 3005
planning flow reduced
plan limit 769
compute initial stop until 0
current timestep 3009
planning flow reduced
plan limit 795
compute initial stop until 0
current timestep 3014
planning flow reduced
plan limit 771
compute initial stop until 0
current timestep 3018
planning flow reduced
plan limit 795
compute initial stop until 0
current timestep 3022
planning flow reduced
plan limit 794
compute initial stop until 0
current timestep 3026
planning flow reduced
plan limit 771
compute initial stop until 0
current timestep 3030
planning flow reduced
plan limit 793
compute initial stop until 0
current timestep 3034
planning flow reduced
plan limit 793
compute initial stop until 0
current timestep 3038
planning flow reduced
plan limit 794
compute initial stop until 0
current timestep 3042
planning flow reduced
plan limit 786
compute initial stop until 0
current timestep 3046
planning flow reduced
plan limit 756
compute initial stop until 0
current timestep 3051
planning flow reduced
plan limit 770
compute initial stop until 0
current timestep 3055
planning flow reduced
plan limit 794
compute initial stop until 0
current timestep 3059
planning flow reduced
plan limit 793
compute initial stop until 0
current timestep 3063
planning flow reduced
plan limit 793
compute initial stop until 0
current timestep 3068
planning flow reduced
plan limit 772
compute initial stop until 0
current timestep 3072
planning flow reduced
plan limit 763
compute initial stop until 0
current timestep 3077
planning flow reduced
plan limit 794
compute initial stop until 0
current timestep 3082
planning flow reduced
plan limit 792
compute initial stop until 0
current timestep 3086
planning flow reduced
plan limit 770
compute initial stop until 0
current timestep 3090
planning flow reduced
plan limit 792
compute initial stop until 0
current timestep 3094
planning flow reduced
plan limit 793
compute initial stop until 0
current timestep 3098
planning flow reduced
plan limit 793
compute initial stop until 0
current timestep 3102
planning flow reduced
plan limit 794
compute initial stop until 0
current timestep 3106
planning flow reduced
plan limit 769
compute initial stop until 0
current timestep 3110
planning flow reduced
plan limit 792
compute initial stop until 0
current timestep 3114
planning flow reduced
plan limit 770
compute initial stop until 0
current timestep 3118
planning flow reduced
plan limit 793
compute initial stop until 0
current timestep 3122
planning flow reduced
plan limit 792
compute initial stop until 0
current timestep 3126
planning flow reduced
plan limit 793
compute initial stop until 0
current timestep 3130
planning flow reduced
plan limit 769
compute initial stop until 0
current timestep 3134
planning flow reduced
plan limit 770
compute initial stop until 0
current timestep 3138
planning flow reduced
plan limit 767
compute initial stop until 0
current timestep 3142
planning flow reduced
plan limit 795
compute initial stop until 0
current timestep 3147
planning flow reduced
plan limit 768
compute initial stop until 0
current timestep 3151
planning flow reduced
plan limit 768
compute initial stop until 0
current timestep 3155
planning flow reduced
plan limit 787
compute initial stop until 0
current timestep 3159
planning flow reduced
plan limit 767
compute initial stop until 0
current timestep 3163
planning flow reduced
plan limit 765
compute initial stop until 0
current timestep 3167
planning flow reduced
plan limit 792
compute initial stop until 0
current timestep 3171
planning flow reduced
plan limit 766
compute initial stop until 0
current timestep 3175
planning flow reduced
plan limit 790
compute initial stop until 0
current timestep 3179
planning flow reduced
plan limit 790
compute initial stop until 0
current timestep 3183
planning flow reduced
plan limit 788
compute initial stop until 0
current timestep 3187
planning flow reduced
plan limit 785
compute initial stop until 0
current timestep 3191
planning flow reduced
plan limit 792
compute initial stop until 0
current timestep 3195
planning flow reduced
plan limit 766
compute initial stop until 0
current timestep 3199
planning flow reduced
plan limit 789
compute initial stop until 0
current timestep 3203
planning flow reduced
plan limit 766
compute initial stop until 0
current timestep 3207
planning flow reduced
plan limit 792
compute initial stop until 0
current timestep 3212
planning flow reduced
plan limit 789
compute initial stop until 0
current timestep 3216
planning flow reduced
plan limit 787
compute initial stop until 0
current timestep 3220
planning flow reduced
plan limit 764
compute initial stop until 0
current timestep 3224
planning flow reduced
plan limit 788
compute initial stop until 0
current timestep 3228
planning flow reduced
plan limit 763
compute initial stop until 0
current timestep 3232
planning flow reduced
plan limit 790
compute initial stop until 0
current timestep 3236
planning flow reduced
plan limit 757
compute initial stop until 0
current timestep 3240
planning flow reduced
plan limit 785
compute initial stop until 0
current timestep 3244
planning flow reduced
plan limit 758
compute initial stop until 0
current timestep 3248
planning flow reduced
plan limit 767
compute initial stop until 0
current timestep 3252
planning flow reduced
plan limit 762
compute initial stop until 0
current timestep 3256
planning flow reduced
plan limit 783
compute initial stop until 0
current timestep 3260
planning flow reduced
plan limit 757
compute initial stop until 0
current timestep 3264
planning flow reduced
plan limit 777
compute initial stop until 0
current timestep 3268
planning flow reduced
plan limit 760
compute initial stop until 0
current timestep 3272
planning flow reduced
plan limit 783
compute initial stop until 0
current timestep 3276
planning flow reduced
plan limit 760
compute initial stop until 0
current timestep 3280
planning flow reduced
plan limit 787
compute initial stop until 0
current timestep 3284
planning flow reduced
plan limit 782
compute initial stop until 0
current timestep 3288
planning flow reduced
plan limit 785
compute initial stop until 0
current timestep 3292
planning flow reduced
plan limit 759
compute initial stop until 0
current timestep 3296
planning flow reduced
plan limit 784
compute initial stop until 0
current timestep 3300
planning flow reduced
plan limit 782
compute initial stop until 0
current timestep 3304
planning flow reduced
plan limit 789
compute initial stop until 0
current timestep 3308
planning flow reduced
plan limit 787
compute initial stop until 0
current timestep 3312
planning flow reduced
plan limit 758
compute initial stop until 0
current timestep 3317
planning flow reduced
plan limit 760
compute initial stop until 0
current timestep 3321
planning flow reduced
plan limit 786
compute initial stop until 0
current timestep 3325
planning flow reduced
plan limit 786
compute initial stop until 0
current timestep 3329
planning flow reduced
plan limit 782
compute initial stop until 0
current timestep 3333
planning flow reduced
plan limit 786
compute initial stop until 0
current timestep 3337
planning flow reduced
plan limit 789
compute initial stop until 0
current timestep 3341
planning flow reduced
plan limit 782
compute initial stop until 0
current timestep 3345
planning flow reduced
plan limit 787
compute initial stop until 0
current timestep 3349
planning flow reduced
plan limit 776
compute initial stop until 0
current timestep 3353
planning flow reduced
plan limit 784
compute initial stop until 0
current timestep 3357
planning flow reduced
plan limit 782
compute initial stop until 0
current timestep 3361
planning flow reduced
plan limit 781
compute initial stop until 0
current timestep 3366
planning flow reduced
plan limit 776
compute initial stop until 0
current timestep 3371
planning flow reduced
plan limit 774
compute initial stop until 0
current timestep 3377
planning flow reduced
plan limit 775
compute initial stop until 0
current timestep 3383
planning flow reduced
plan limit 762
compute initial stop until 0
current timestep 3388
planning flow reduced
plan limit 730
compute initial stop until 0
current timestep 3393
planning flow reduced
plan limit 780
compute initial stop until 0
current timestep 3397
planning flow reduced
plan limit 785
compute initial stop until 0
current timestep 3401
planning flow reduced
plan limit 759
compute initial stop until 0
current timestep 3405
planning flow reduced
plan limit 766
compute initial stop until 0
current timestep 3409
planning flow reduced
plan limit 766
compute initial stop until 0
current timestep 3413
planning flow reduced
plan limit 787
compute initial stop until 0
current timestep 3417
planning flow reduced
plan limit 784
compute initial stop until 0
current timestep 3421
planning flow reduced
plan limit 790
compute initial stop until 0
current timestep 3425
planning flow reduced
plan limit 792
compute initial stop until 0
current timestep 3429
planning flow reduced
plan limit 793
compute initial stop until 0
current timestep 3433
planning flow reduced
plan limit 767
compute initial stop until 0
current timestep 3437
planning flow reduced
plan limit 768
compute initial stop until 0
current timestep 3441
planning flow reduced
plan limit 792
compute initial stop until 0
current timestep 3445
planning flow reduced
plan limit 793
compute initial stop until 0
current timestep 3449
planning flow reduced
plan limit 772
compute initial stop until 0
current timestep 3453
planning flow reduced
plan limit 792
compute initial stop until 0
current timestep 3457
planning flow reduced
plan limit 793
compute initial stop until 0
current timestep 3461
planning flow reduced
plan limit 790
compute initial stop until 0
current timestep 3465
planning flow reduced
plan limit 795
compute initial stop until 0
current timestep 3470
planning flow reduced
plan limit 792
compute initial stop until 0
current timestep 3475
planning flow reduced
plan limit 789
compute initial stop until 0
current timestep 3479
planning flow reduced
plan limit 792
compute initial stop until 0
current timestep 3483
planning flow reduced
plan limit 757
compute initial stop until 0
current timestep 3488
planning flow reduced
plan limit 766
compute initial stop until 0
current timestep 3492
planning flow reduced
plan limit 794
compute initial stop until 0
current timestep 3497
planning flow reduced
plan limit 792
compute initial stop until 0
current timestep 3502
planning flow reduced
plan limit 763
compute initial stop until 0
current timestep 3506
planning flow reduced
plan limit 791
compute initial stop until 0
current timestep 3510
planning flow reduced
plan limit 794
compute initial stop until 0
current timestep 3515
planning flow reduced
plan limit 794
compute initial stop until 0
current timestep 3520
planning flow reduced
plan limit 794
compute initial stop until 0
current timestep 3525
planning flow reduced
plan limit 796
compute initial stop until 0
current timestep 3530
planning flow reduced
plan limit 770
compute initial stop until 0
current timestep 3534
planning flow reduced
plan limit 793
compute initial stop until 0
current timestep 3538
planning flow reduced
plan limit 770
compute initial stop until 0
current timestep 3542
planning flow reduced
plan limit 794
compute initial stop until 0
current timestep 3547
planning flow reduced
plan limit 793
compute initial stop until 0
current timestep 3551
planning flow reduced
plan limit 794
compute initial stop until 0
current timestep 3556
planning flow reduced
plan limit 792
compute initial stop until 0
current timestep 3560
planning flow reduced
plan limit 792
compute initial stop until 0
current timestep 3565
planning flow reduced
plan limit 792
compute initial stop until 0
current timestep 3569
planning flow reduced
plan limit 795
compute initial stop until 0
current timestep 3574
planning flow reduced
plan limit 789
compute initial stop until 0
current timestep 3578
planning flow reduced
plan limit 773
compute initial stop until 0
current timestep 3582
planning flow reduced
plan limit 766
compute initial stop until 0
current timestep 3586
planning flow reduced
plan limit 797
compute initial stop until 0
current timestep 3590
planning flow reduced
plan limit 764
compute initial stop until 0
current timestep 3594
planning flow reduced
plan limit 795
compute initial stop until 0
current timestep 3598
planning flow reduced
plan limit 791
compute initial stop until 0
current timestep 3602
planning flow reduced
plan limit 754
compute initial stop until 0
current timestep 3606
planning flow reduced
plan limit 792
compute initial stop until 0
current timestep 3610
planning flow reduced
plan limit 763
compute initial stop until 0
current timestep 3614
planning flow reduced
plan limit 788
compute initial stop until 0
current timestep 3618
planning flow reduced
plan limit 790
compute initial stop until 0
current timestep 3622
planning flow reduced
plan limit 786
compute initial stop until 0
current timestep 3626
planning flow reduced
plan limit 764
compute initial stop until 0
current timestep 3630
planning flow reduced
plan limit 786
compute initial stop until 0
current timestep 3634
planning flow reduced
plan limit 787
compute initial stop until 0
current timestep 3638
planning flow reduced
plan limit 787
compute initial stop until 0
current timestep 3642
planning flow reduced
plan limit 764
compute initial stop until 0
current timestep 3646
planning flow reduced
plan limit 762
compute initial stop until 0
current timestep 3650
planning flow reduced
plan limit 766
compute initial stop until 0
current timestep 3654
planning flow reduced
plan limit 785
compute initial stop until 0
current timestep 3658
planning flow reduced
plan limit 787
compute initial stop until 0
current timestep 3662
planning flow reduced
plan limit 786
compute initial stop until 0
current timestep 3666
planning flow reduced
plan limit 787
compute initial stop until 0
current timestep 3670
planning flow reduced
plan limit 761
compute initial stop until 0
current timestep 3674
planning flow reduced
plan limit 781
compute initial stop until 0
current timestep 3678
planning flow reduced
plan limit 780
compute initial stop until 0
current timestep 3682
planning flow reduced
plan limit 779
compute initial stop until 0
current timestep 3686
planning flow reduced
plan limit 757
compute initial stop until 0
current timestep 3690
planning flow reduced
plan limit 776
compute initial stop until 0
current timestep 3694
planning flow reduced
plan limit 781
compute initial stop until 0
current timestep 3698
planning flow reduced
plan limit 748
compute initial stop until 0
current timestep 3702
planning flow reduced
plan limit 787
compute initial stop until 0
current timestep 3706
planning flow reduced
plan limit 783
compute initial stop until 0
current timestep 3710
planning flow reduced
plan limit 786
compute initial stop until 0
current timestep 3714
planning flow reduced
plan limit 781
compute initial stop until 0
current timestep 3718
planning flow reduced
plan limit 749
compute initial stop until 0
current timestep 3723
planning flow reduced
plan limit 752
compute initial stop until 0
current timestep 3728
planning flow reduced
plan limit 756
compute initial stop until 0
current timestep 3732
planning flow reduced
plan limit 782
compute initial stop until 0
current timestep 3736
planning flow reduced
plan limit 787
compute initial stop until 0
current timestep 3740
planning flow reduced
plan limit 781
compute initial stop until 0
current timestep 3744
planning flow reduced
plan limit 785
compute initial stop until 0
current timestep 3748
planning flow reduced
plan limit 755
compute initial stop until 0
current timestep 3752
planning flow reduced
plan limit 762
compute initial stop until 0
current timestep 3756
planning flow reduced
plan limit 782
compute initial stop until 0
current timestep 3760
planning flow reduced
plan limit 775
compute initial stop until 0
current timestep 3764
planning flow reduced
plan limit 781
compute initial stop until 0
current timestep 3768
planning flow reduced
plan limit 776
compute initial stop until 0
current timestep 3772
planning flow reduced
plan limit 777
compute initial stop until 0
current timestep 3776
planning flow reduced
plan limit 767
compute initial stop until 0
current timestep 3781
planning flow reduced
plan limit 743
compute initial stop until 0
current timestep 3786
planning flow reduced
plan limit 772
compute initial stop until 0
current timestep 3792
planning flow reduced
plan limit 751
compute initial stop until 0
current timestep 3796
planning flow reduced
plan limit 775
compute initial stop until 0
current timestep 3801
planning flow reduced
plan limit 781
compute initial stop until 0
current timestep 3805
planning flow reduced
plan limit 754
compute initial stop until 0
current timestep 3809
planning flow reduced
plan limit 785
compute initial stop until 0
current timestep 3813
planning flow reduced
plan limit 792
compute initial stop until 0
current timestep 3817
planning flow reduced
plan limit 787
compute initial stop until 0
current timestep 3821
planning flow reduced
plan limit 778
compute initial stop until 0
current timestep 3825
planning flow reduced
plan limit 783
compute initial stop until 0
current timestep 3829
planning flow reduced
plan limit 791
compute initial stop until 0
current timestep 3833
planning flow reduced
plan limit 761
compute initial stop until 0
current timestep 3837
planning flow reduced
plan limit 790
compute initial stop until 0
current timestep 3841
planning flow reduced
plan limit 767
compute initial stop until 0
current timestep 3845
planning flow reduced
plan limit 796
compute initial stop until 0
current timestep 3849
planning flow reduced
plan limit 797
compute initial stop until 0
current timestep 3853
planning flow reduced
plan limit 769
compute initial stop until 0
current timestep 3857
planning flow reduced
plan limit 797
compute initial stop until 0
current timestep 3862
planning flow reduced
plan limit 798
compute initial stop until 0
current timestep 3867
planning flow reduced
plan limit 794
compute initial stop until 0
current timestep 3871
planning flow reduced
plan limit 797
compute initial stop until 0
current timestep 3876
planning flow reduced
plan limit 797
compute initial stop until 0
current timestep 3881
planning flow reduced
plan limit 775
compute initial stop until 0
current timestep 3885
planning flow reduced
plan limit 773
compute initial stop until 0
current timestep 3889
planning flow reduced
plan limit 794
compute initial stop until 0
current timestep 3893
planning flow reduced
plan limit 790
compute initial stop until 0
current timestep 3897
planning flow reduced
plan limit 793
compute initial stop until 0
current timestep 3901
planning flow reduced
plan limit 790
compute initial stop until 0
current timestep 3905
planning flow reduced
plan limit 792
compute initial stop until 0
current timestep 3909
planning flow reduced
plan limit 768
compute initial stop until 0
current timestep 3913
planning flow reduced
plan limit 792
compute initial stop until 0
current timestep 3917
planning flow reduced
plan limit 790
compute initial stop until 0
current timestep 3921
planning flow reduced
plan limit 791
compute initial stop until 0
current timestep 3925
planning flow reduced
plan limit 767
compute initial stop until 0
current timestep 3929
planning flow reduced
plan limit 793
compute initial stop until 0
current timestep 3933
planning flow reduced
plan limit 765
compute initial stop until 0
current timestep 3937
planning flow reduced
plan limit 798
compute initial stop until 0
current timestep 3942
planning flow reduced
plan limit 789
compute initial stop until 0
current timestep 3946
planning flow reduced
plan limit 794
compute initial stop until 0
current timestep 3950
planning flow reduced
plan limit 791
compute initial stop until 0
current timestep 3954
planning flow reduced
plan limit 772
compute initial stop until 0
current timestep 3958
planning flow reduced
plan limit 769
compute initial stop until 0
current timestep 3962
planning flow reduced
plan limit 795
compute initial stop until 0
current timestep 3967
planning flow reduced
plan limit 791
compute initial stop until 0
current timestep 3971
planning flow reduced
plan limit 792
compute initial stop until 0
current timestep 3976
planning flow reduced
plan limit 793
compute initial stop until 0
current timestep 3981
planning flow reduced
plan limit 793
compute initial stop until 0
current timestep 3986
planning flow reduced
plan limit 796
compute initial stop until 0
current timestep 3991
planning flow reduced
plan limit 796
compute initial stop until 0
current timestep 3996
planning flow reduced
plan limit 788
compute initial stop until 0
current timestep 4000
planning flow reduced
plan limit 789
compute initial stop until 0
current timestep 4005
planning flow reduced
plan limit 775
compute initial stop until 0
current timestep 4009
planning flow reduced
plan limit 790
compute initial stop until 0
current timestep 4013
planning flow reduced
plan limit 787
compute initial stop until 0
current timestep 4017
planning flow reduced
plan limit 786
compute initial stop until 0
current timestep 4021
planning flow reduced
plan limit 786
compute initial stop until 0
current timestep 4025
planning flow reduced
plan limit 784
compute initial stop until 0
current timestep 4029
planning flow reduced
plan limit 790
compute initial stop until 0
current timestep 4033
planning flow reduced
plan limit 786
compute initial stop until 0
current timestep 4037
planning flow reduced
plan limit 791
compute initial stop until 0
current timestep 4041
planning flow reduced
plan limit 793
compute initial stop until 0
current timestep 4045
planning flow reduced
plan limit 782
compute initial stop until 0
current timestep 4049
planning flow reduced
plan limit 789
compute initial stop until 0
current timestep 4053
planning flow reduced
plan limit 786
compute initial stop until 0
current timestep 4057
planning flow reduced
plan limit 764
compute initial stop until 0
current timestep 4061
planning flow reduced
plan limit 786
compute initial stop until 0
current timestep 4065
planning flow reduced
plan limit 786
compute initial stop until 0
current timestep 4069
planning flow reduced
plan limit 789
compute initial stop until 0
current timestep 4073
planning flow reduced
plan limit 786
compute initial stop until 0
current timestep 4077
planning flow reduced
plan limit 760
compute initial stop until 0
current timestep 4081
planning flow reduced
plan limit 785
compute initial stop until 0
current timestep 4085
planning flow reduced
plan limit 785
compute initial stop until 0
current timestep 4089
planning flow reduced
plan limit 784
compute initial stop until 0
current timestep 4093
planning flow reduced
plan limit 781
compute initial stop until 0
current timestep 4097
planning flow reduced
plan limit 785
compute initial stop until 0
current timestep 4101
planning flow reduced
plan limit 787
compute initial stop until 0
current timestep 4105
planning flow reduced
plan limit 749
compute initial stop until 0
current timestep 4109
planning flow reduced
plan limit 796
compute initial stop until 0
current timestep 4114
planning flow reduced
plan limit 760
compute initial stop until 0
current timestep 4118
planning flow reduced
plan limit 798
compute initial stop until 0
current timestep 4123
planning flow reduced
plan limit 756
compute initial stop until 0
current timestep 4127
planning flow reduced
plan limit 788
compute initial stop until 0
current timestep 4131
planning flow reduced
plan limit 785
compute initial stop until 0
current timestep 4135
planning flow reduced
plan limit 779
compute initial stop until 0
current timestep 4140
planning flow reduced
plan limit 784
compute initial stop until 0
current timestep 4144
planning flow reduced
plan limit 787
compute initial stop until 0
current timestep 4148
planning flow reduced
plan limit 795
compute initial stop until 0
current timestep 4153
planning flow reduced
plan limit 756
compute initial stop until 0
current timestep 4157
planning flow reduced
plan limit 781
compute initial stop until 0
current timestep 4160
planning flow reduced
plan limit 785
compute initial stop until 0
current timestep 4164
planning flow reduced
plan limit 781
compute initial stop until 0
current timestep 4168
planning flow reduced
plan limit 773
compute initial stop until 0
current timestep 4172
planning flow reduced
plan limit 777
compute initial stop until 0
current timestep 4176
planning flow reduced
plan limit 785
compute initial stop until 0
current timestep 4180
planning flow reduced
plan limit 785
compute initial stop until 0
current timestep 4184
planning flow reduced
plan limit 785
compute initial stop until 0
current timestep 4188
planning flow reduced
plan limit 780
compute initial stop until 0
current timestep 4192
planning flow reduced
plan limit 789
compute initial stop until 0
current timestep 4196
planning flow reduced
plan limit 786
compute initial stop until 0
current timestep 4200
planning flow reduced
plan limit 755
compute initial stop until 0
current timestep 4204
planning flow reduced
plan limit 785
compute initial stop until 0
current timestep 4208
planning flow reduced
plan limit 785
compute initial stop until 0
current timestep 4212
planning flow reduced
plan limit 778
compute initial stop until 0
current timestep 4216
planning flow reduced
plan limit 791
compute initial stop until 0
current timestep 4220
planning flow reduced
plan limit 755
compute initial stop until 0
current timestep 4224
planning flow reduced
plan limit 780
compute initial stop until 0
current timestep 4228
planning flow reduced
plan limit 784
compute initial stop until 0
current timestep 4232
planning flow reduced
plan limit 786
compute initial stop until 0
current timestep 4236
planning flow reduced
plan limit 782
compute initial stop until 0
current timestep 4240
planning flow reduced
plan limit 737
compute initial stop until 0
current timestep 4244
planning flow reduced
plan limit 652
compute initial stop until 0
current timestep 4250
planning flow reduced
plan limit 706
compute initial stop until 0
current timestep 4255
planning flow reduced
plan limit 765
compute initial stop until 0
current timestep 4259
planning flow reduced
plan limit 762
compute initial stop until 0
current timestep 4263
planning flow reduced
plan limit 757
compute initial stop until 0
current timestep 4267
planning flow reduced
plan limit 757
compute initial stop until 0
current timestep 4271
planning flow reduced
plan limit 748
compute initial stop until 0
current timestep 4275
planning flow reduced
plan limit 766
compute initial stop until 0
current timestep 4281
planning flow reduced
plan limit 748
compute initial stop until 0
current timestep 4285
planning flow reduced
plan limit 759
compute initial stop until 0
current timestep 4289
planning flow reduced
plan limit 748
compute initial stop until 0
current timestep 4293
planning flow reduced
plan limit 760
compute initial stop until 0
current timestep 4297
planning flow reduced
plan limit 748
compute initial stop until 0
current timestep 4301
planning flow reduced
plan limit 735
compute initial stop until 0
current timestep 4305
planning flow reduced
plan limit 749
compute initial stop until 0
current timestep 4309
planning flow reduced
plan limit 741
compute initial stop until 0
current timestep 4313
planning flow reduced
plan limit 755
compute initial stop until 0
current timestep 4317
planning flow reduced
plan limit 747
compute initial stop until 0
current timestep 4321
planning flow reduced
plan limit 732
compute initial stop until 0
current timestep 4325
planning flow reduced
plan limit 748
compute initial stop until 0
current timestep 4329
planning flow reduced
plan limit 756
compute initial stop until 0
current timestep 4333
planning flow reduced
plan limit 725
compute initial stop until 0
current timestep 4337
planning flow reduced
plan limit 757
compute initial stop until 0
current timestep 4341
planning flow reduced
plan limit 723
compute initial stop until 0
current timestep 4345
planning flow reduced
plan limit 758
compute initial stop until 0
current timestep 4349
planning flow reduced
plan limit 727
compute initial stop until 0
current timestep 4353
planning flow reduced
plan limit 734
compute initial stop until 0
current timestep 4357
planning flow reduced
plan limit 748
compute initial stop until 0
current timestep 4361
planning flow reduced
plan limit 727
compute initial stop until 0
current timestep 4366
planning flow reduced
plan limit 725
compute initial stop until 0
current timestep 4370
planning flow reduced
plan limit 733
compute initial stop until 0
current timestep 4374
planning flow reduced
plan limit 751
compute initial stop until 0
current timestep 4378
planning flow reduced
plan limit 761
compute initial stop until 0
current timestep 4382
planning flow reduced
plan limit 729
compute initial stop until 0
current timestep 4386
planning flow reduced
plan limit 760
compute initial stop until 0
current timestep 4390
planning flow reduced
plan limit 748
compute initial stop until 0
current timestep 4394
planning flow reduced
plan limit 753
compute initial stop until 0
current timestep 4398
planning flow reduced
plan limit 752
compute initial stop until 0
current timestep 4402
planning flow reduced
plan limit 770
compute initial stop until 0
current timestep 4406
planning flow reduced
plan limit 757
compute initial stop until 0
current timestep 4410
planning flow reduced
plan limit 727
compute initial stop until 0
current timestep 4414
planning flow reduced
plan limit 733
compute initial stop until 0
current timestep 4420
planning flow reduced
plan limit 747
compute initial stop until 0
current timestep 4424
planning flow reduced
plan limit 747
compute initial stop until 0
current timestep 4428
planning flow reduced
plan limit 746
compute initial stop until 0
current timestep 4432
planning flow reduced
plan limit 744
compute initial stop until 0
current timestep 4436
planning flow reduced
plan limit 757
compute initial stop until 0
current timestep 4440
planning flow reduced
plan limit 731
compute initial stop until 0
current timestep 4444
planning flow reduced
plan limit 754
compute initial stop until 0
current timestep 4448
planning flow reduced
plan limit 751
compute initial stop until 0
current timestep 4454
planning flow reduced
plan limit 720
compute initial stop until 0
current timestep 4462
planning flow reduced
plan limit 671
compute initial stop until 0
current timestep 4467
planning flow reduced
plan limit 669
compute initial stop until 0
current timestep 4476
planning flow reduced
plan limit 677
compute initial stop until 0
current timestep 4482
planning flow reduced
plan limit 692
compute initial stop until 0
current timestep 4487
planning flow reduced
plan limit 720
compute initial stop until 0
current timestep 4493
planning flow reduced
plan limit 728
compute initial stop until 0
current timestep 4500
planning flow reduced
plan limit 713
compute initial stop until 0
current timestep 4506
planning flow reduced
plan limit 733
compute initial stop until 0
current timestep 4512
planning flow reduced
plan limit 728
compute initial stop until 0
current timestep 4518
planning flow reduced
plan limit 718
compute initial stop until 0
current timestep 4524
planning flow reduced
plan limit 729
compute initial stop until 0
current timestep 4531
planning flow reduced
plan limit 709
compute initial stop until 0
current timestep 4537
planning flow reduced
plan limit 575
compute initial stop until 0
current timestep 4542
planning flow reduced
plan limit 759
compute initial stop until 0
current timestep 4546
planning flow reduced
plan limit 695
compute initial stop until 0
current timestep 4551
planning flow reduced
plan limit 760
compute initial stop until 0
current timestep 4555
planning flow reduced
plan limit 757
compute initial stop until 0
current timestep 4559
planning flow reduced
plan limit 760
compute initial stop until 0
current timestep 4563
planning flow reduced
plan limit 687
compute initial stop until 0
current timestep 4569
planning flow reduced
plan limit 760
compute initial stop until 0
current timestep 4573
planning flow reduced
plan limit 766
compute initial stop until 0
current timestep 4577
planning flow reduced
plan limit 739
compute initial stop until 0
current timestep 4581
planning flow reduced
plan limit 763
compute initial stop until 0
current timestep 4585
planning flow reduced
plan limit 763
compute initial stop until 0
current timestep 4589
planning flow reduced
plan limit 764
compute initial stop until 0
current timestep 4593
planning flow reduced
plan limit 761
compute initial stop until 0
current timestep 4597
planning flow reduced
plan limit 762
compute initial stop until 0
current timestep 4601
planning flow reduced
plan limit 770
compute initial stop until 0
current timestep 4605
planning flow reduced
plan limit 707
compute initial stop until 0
current timestep 4610
planning flow reduced
plan limit 749
compute initial stop until 0
current timestep 4614
planning flow reduced
plan limit 773
compute initial stop until 0
current timestep 4618
planning flow reduced
plan limit 769
compute initial stop until 0
current timestep 4622
planning flow reduced
plan limit 770
compute initial stop until 0
current timestep 4626
planning flow reduced
plan limit 749
compute initial stop until 0
current timestep 4630
planning flow reduced
plan limit 775
compute initial stop until 0
current timestep 4634
planning flow reduced
plan limit 749
compute initial stop until 0
current timestep 4638
planning flow reduced
plan limit 770
compute initial stop until 0
current timestep 4642
planning flow reduced
plan limit 774
compute initial stop until 0
current timestep 4646
planning flow reduced
plan limit 762
compute initial stop until 0
current timestep 4650
planning flow reduced
plan limit 766
compute initial stop until 0
current timestep 4654
planning flow reduced
plan limit 768
compute initial stop until 0
current timestep 4658
planning flow reduced
plan limit 764
compute initial stop until 0
current timestep 4662
planning flow reduced
plan limit 738
compute initial stop until 0
current timestep 4668
planning flow reduced
plan limit 764
compute initial stop until 0
current timestep 4672
planning flow reduced
plan limit 776
compute initial stop until 0
current timestep 4676
planning flow reduced
plan limit 738
compute initial stop until 0
current timestep 4681
planning flow reduced
plan limit 698
compute initial stop until 0
current timestep 4688
planning flow reduced
plan limit 760
compute initial stop until 0
current timestep 4692
planning flow reduced
plan limit 759
compute initial stop until 0
current timestep 4696
planning flow reduced
plan limit 739
compute initial stop until 0
current timestep 4701
planning flow reduced
plan limit 760
compute initial stop until 0
current timestep 4705
planning flow reduced
plan limit 773
compute initial stop until 0
current timestep 4709
planning flow reduced
plan limit 762
compute initial stop until 0
current timestep 4713
planning flow reduced
plan limit 738
compute initial stop until 0
current timestep 4718
planning flow reduced
plan limit 758
compute initial stop until 0
current timestep 4722
planning flow reduced
plan limit 779
compute initial stop until 0
current timestep 4726
planning flow reduced
plan limit 760
compute initial stop until 0
current timestep 4730
planning flow reduced
plan limit 771
compute initial stop until 0
current timestep 4734
planning flow reduced
plan limit 770
compute initial stop until 0
current timestep 4738
planning flow reduced
plan limit 767
compute initial stop until 0
current timestep 4742
planning flow reduced
plan limit 740
compute initial stop until 0
current timestep 4747
planning flow reduced
plan limit 767
compute initial stop until 0
current timestep 4751
planning flow reduced
plan limit 763
compute initial stop until 0
current timestep 4755
planning flow reduced
plan limit 756
compute initial stop until 0
current timestep 4760
planning flow reduced
plan limit 768
compute initial stop until 0
current timestep 4765
planning flow reduced
plan limit 752
compute initial stop until 0
current timestep 4771
planning flow reduced
plan limit 752
compute initial stop until 0
current timestep 4776
planning flow reduced
plan limit 753
compute initial stop until 0
current timestep 4781
planning flow reduced
plan limit 704
compute initial stop until 0
current timestep 4787
planning flow reduced
plan limit 712
compute initial stop until 0
current timestep 4793
planning flow reduced
plan limit 736
compute initial stop until 0
current timestep 4799
planning flow reduced
plan limit 750
compute initial stop until 0
current timestep 4803
planning flow reduced
plan limit 755
compute initial stop until 0
current timestep 4807
planning flow reduced
plan limit 760
compute initial stop until 0
current timestep 4811
planning flow reduced
plan limit 760
compute initial stop until 0
current timestep 4815
planning flow reduced
plan limit 759
compute initial stop until 0
current timestep 4819
planning flow reduced
plan limit 761
compute initial stop until 0
current timestep 4823
planning flow reduced
plan limit 728
compute initial stop until 0
current timestep 4828
planning flow reduced
plan limit 754
compute initial stop until 0
current timestep 4832
planning flow reduced
plan limit 758
compute initial stop until 0
current timestep 4836
planning flow reduced
plan limit 733
compute initial stop until 0
current timestep 4841
planning flow reduced
plan limit 759
compute initial stop until 0
current timestep 4845
planning flow reduced
plan limit 760
compute initial stop until 0
current timestep 4849
planning flow reduced
plan limit 763
compute initial stop until 0
current timestep 4853
planning flow reduced
plan limit 711
compute initial stop until 0
current timestep 4859
planning flow reduced
plan limit 755
compute initial stop until 0
current timestep 4864
planning flow reduced
plan limit 770
compute initial stop until 0
current timestep 4868
planning flow reduced
plan limit 752
compute initial stop until 0
current timestep 4872
planning flow reduced
plan limit 760
compute initial stop until 0
current timestep 4876
planning flow reduced
plan limit 749
compute initial stop until 0
current timestep 4881
planning flow reduced
plan limit 756
compute initial stop until 0
current timestep 4886
planning flow reduced
plan limit 748
compute initial stop until 0
current timestep 4892
planning flow reduced
plan limit 566
compute initial stop until 0
current timestep 4898
planning flow reduced
plan limit 693
compute initial stop until 0
current timestep 4904
planning flow reduced
plan limit 742
compute initial stop until 0
current timestep 4908
planning flow reduced
plan limit 715
compute initial stop until 0
current timestep 4913
planning flow reduced
plan limit 743
compute initial stop until 0
current timestep 4917
planning flow reduced
plan limit 753
compute initial stop until 0
current timestep 4921
planning flow reduced
plan limit 770
compute initial stop until 0
current timestep 4925
planning flow reduced
plan limit 716
compute initial stop until 0
current timestep 4930
planning flow reduced
plan limit 770
compute initial stop until 0
current timestep 4934
planning flow reduced
plan limit 755
compute initial stop until 0
current timestep 4938
planning flow reduced
plan limit 762
compute initial stop until 0
current timestep 4942
planning flow reduced
plan limit 765
compute initial stop until 0
current timestep 4946
planning flow reduced
plan limit 766
compute initial stop until 0
current timestep 4950
planning flow reduced
plan limit 766
compute initial stop until 0
current timestep 4954
planning flow reduced
plan limit 765
compute initial stop until 0
current timestep 4958
planning flow reduced
plan limit 769
compute initial stop until 0
current timestep 4962
planning flow reduced
plan limit 765
compute initial stop until 0
current timestep 4966
planning flow reduced
plan limit 768
compute initial stop until 0
current timestep 4970
planning flow reduced
plan limit 740
compute initial stop until 0
current timestep 4973
planning flow reduced
plan limit 756
compute initial stop until 0
current timestep 4977
planning flow reduced
plan limit 770
compute initial stop until 0
current timestep 4981
planning flow reduced
plan limit 765
compute initial stop until 0
current timestep 4985
planning flow reduced
plan limit 767
compute initial stop until 0
current timestep 4989
planning flow reduced
plan limit 762
compute initial stop until 0
current timestep 4993
planning flow reduced
plan limit 765
compute initial stop until 0
current timestep 4997
planning flow reduced
plan limit 765
compute initial stop until 0
current timestep 5002
planning flow reduced
plan limit 766
compute initial stop until 0
current timestep 5006
planning flow reduced
plan limit 764
compute initial stop until 0
current timestep 5010
planning flow reduced
plan limit 733
compute initial stop until 0
current timestep 5014
planning flow reduced
plan limit 564
compute initial stop until 0
current timestep 5020
planning flow reduced
plan limit 634
compute initial stop until 0
current timestep 5026
planning flow reduced
plan limit 776
compute initial stop until 0
current timestep 5030
planning flow reduced
plan limit 790
compute initial stop until 0
current timestep 5034
planning flow reduced
plan limit 791
compute initial stop until 0
current timestep 5039
planning flow reduced
plan limit 769
compute initial stop until 0
current timestep 5043
planning flow reduced
plan limit 797
compute initial stop until 0
current timestep 5048
planning flow reduced
plan limit 789
compute initial stop until 0
current timestep 5052
planning flow reduced
plan limit 790
compute initial stop until 0
current timestep 5057
planning flow reduced
plan limit 790
compute initial stop until 0
current timestep 5062
planning flow reduced
plan limit 787
compute initial stop until 0
current timestep 5067
planning flow reduced
plan limit 767
compute initial stop until 0
current timestep 5071
planning flow reduced
plan limit 765
compute initial stop until 0
current timestep 5075
planning flow reduced
plan limit 792
compute initial stop until 0
current timestep 5080
planning flow reduced
plan limit 789
compute initial stop until 0
current timestep 5085
planning flow reduced
plan limit 767
compute initial stop until 0
current timestep 5089
planning flow reduced
plan limit 790
compute initial stop until 0
current timestep 5093
planning flow reduced
plan limit 765
compute initial stop until 0
current timestep 5100
planning flow reduced
plan limit 756
compute initial stop until 0
current timestep 5103
planning flow reduced
plan limit 787
compute initial stop until 0
current timestep 5107
planning flow reduced
plan limit 785
compute initial stop until 0
current timestep 5111
planning flow reduced
plan limit 788
compute initial stop until 0
current timestep 5115
planning flow reduced
plan limit 761
compute initial stop until 0
current timestep 5118
planning flow reduced
plan limit 784
compute initial stop until 0
current timestep 5122
planning flow reduced
plan limit 790
compute initial stop until 0
current timestep 5127
planning flow reduced
plan limit 762
compute initial stop until 0
current timestep 5133
planning flow reduced
plan limit 763
compute initial stop until 0
current timestep 5138
planning flow reduced
plan limit 765
compute initial stop until 0
current timestep 5143
planning flow reduced
plan limit 760
compute initial stop until 0
current timestep 5148
planning flow reduced
plan limit 706
compute initial stop until 0
current timestep 5154
planning flow reduced
plan limit 704
compute initial stop until 0
current timestep 5160
planning flow reduced
plan limit 716
compute initial stop until 0
current timestep 5166
planning flow reduced
plan limit 750
compute initial stop until 0
current timestep 5172
planning flow reduced
plan limit 748
compute initial stop until 0
current timestep 5178
planning flow reduced
plan limit 747
compute initial stop until 0
current timestep 5184
planning flow reduced
plan limit 728
compute initial stop until 0
current timestep 5190
planning flow reduced
plan limit 754
compute initial stop until 0
current timestep 5196
planning flow reduced
plan limit 751
compute initial stop until 0
current timestep 5202
planning flow reduced
plan limit 759
compute initial stop until 0
current timestep 5208
planning flow reduced
plan limit 758
compute initial stop until 0
current timestep 5212
planning flow reduced
plan limit 751
compute initial stop until 0
current timestep 5215
planning flow reduced
plan limit 768
compute initial stop until 0
current timestep 5219
planning flow reduced
plan limit 761
compute initial stop until 0
current timestep 5222
planning flow reduced
plan limit 651
compute initial stop until 0
current timestep 5228
planning flow reduced
plan limit 744
compute initial stop until 0
current timestep 5231
planning flow reduced
plan limit 761
compute initial stop until 0
current timestep 5234
planning flow reduced
plan limit 782
compute initial stop until 0
current timestep 5238
planning flow reduced
plan limit 763
compute initial stop until 0
current timestep 5242
planning flow reduced
plan limit 740
compute initial stop until 0
current timestep 5245
planning flow reduced
plan limit 738
compute initial stop until 0
current timestep 5248
planning flow reduced
plan limit 779
compute initial stop until 0
current timestep 5252
planning flow reduced
plan limit 776
compute initial stop until 0
current timestep 5256
planning flow reduced
plan limit 744
compute initial stop until 0
current timestep 5259
planning flow reduced
plan limit 758
compute initial stop until 0
current timestep 5263
planning flow reduced
plan limit 782
compute initial stop until 0
current timestep 5267
planning flow reduced
plan limit 768
compute initial stop until 0
current timestep 5271
planning flow reduced
plan limit 760
compute initial stop until 0
current timestep 5275
planning flow reduced
plan limit 777
compute initial stop until 0
current timestep 5279
planning flow reduced
plan limit 749
compute initial stop until 0
current timestep 5286
planning flow reduced
plan limit 776
compute initial stop until 0
current timestep 5290
planning flow reduced
plan limit 774
compute initial stop until 0
current timestep 5294
planning flow reduced
plan limit 782
compute initial stop until 0
current timestep 5298
planning flow reduced
plan limit 769
compute initial stop until 0
current timestep 5302
planning flow reduced
plan limit 774
compute initial stop until 0
current timestep 5306
planning flow reduced
plan limit 778
compute initial stop until 0
current timestep 5311
planning flow reduced
plan limit 779
compute initial stop until 0
current timestep 5315
planning flow reduced
plan limit 772
compute initial stop until 0
current timestep 5319
planning flow reduced
plan limit 771
compute initial stop until 0
current timestep 5323
planning flow reduced
plan limit 777
compute initial stop until 0
current timestep 5327
planning flow reduced
plan limit 773
compute initial stop until 0
current timestep 5331
planning flow reduced
plan limit 751
compute initial stop until 0
current timestep 5335
planning flow reduced
plan limit 777
compute initial stop until 0
current timestep 5339
planning flow reduced
plan limit 776
compute initial stop until 0
current timestep 5343
planning flow reduced
plan limit 773
compute initial stop until 0
current timestep 5347
planning flow reduced
plan limit 667
