planner init
finish init
current timestep 0
planning flow reduced
plan limit -6637
compute initial stop until 0
current timestep 8
planning flow reduced
plan limit -3048
compute initial stop until 0
current timestep 13
planning flow reduced
plan limit -2818
compute initial stop until 0
current timestep 17
planning flow reduced
plan limit -2745
compute initial stop until 0
current timestep 21
planning flow reduced
plan limit -2713
compute initial stop until 0
current timestep 25
planning flow reduced
plan limit -2797
compute initial stop until 0
current timestep 29
planning flow reduced
plan limit -2802
compute initial stop until 0
current timestep 33
planning flow reduced
plan limit -2838
compute initial stop until 0
current timestep 37
planning flow reduced
plan limit -2756
compute initial stop until 0
current timestep 41
planning flow reduced
plan limit -2804
compute initial stop until 0
current timestep 45
planning flow reduced
plan limit -2790
compute initial stop until 0
current timestep 49
planning flow reduced
plan limit -2670
compute initial stop until 0
current timestep 53
planning flow reduced
plan limit -2763
compute initial stop until 0
current timestep 57
planning flow reduced
plan limit -2800
compute initial stop until 0
current timestep 61
planning flow reduced
plan limit -2737
compute initial stop until 0
current timestep 65
planning flow reduced
plan limit -2785
compute initial stop until 0
current timestep 69
planning flow reduced
plan limit -2792
compute initial stop until 0
current timestep 73
planning flow reduced
plan limit -2604
compute initial stop until 0
current timestep 77
planning flow reduced
plan limit -2757
compute initial stop until 0
current timestep 81
planning flow reduced
plan limit -2803
compute initial stop until 0
current timestep 85
planning flow reduced
plan limit -2791
compute initial stop until 0
current timestep 89
planning flow reduced
plan limit -2564
compute initial stop until 0
current timestep 93
planning flow reduced
plan limit -2703
compute initial stop until 0
current timestep 97
planning flow reduced
plan limit -2580
compute initial stop until 0
current timestep 101
planning flow reduced
plan limit -2793
compute initial stop until 0
current timestep 105
planning flow reduced
plan limit -2788
compute initial stop until 0
current timestep 109
planning flow reduced
plan limit -3168
compute initial stop until 0
current timestep 114
planning flow reduced
plan limit -2757
compute initial stop until 0
current timestep 118
planning flow reduced
plan limit -2835
compute initial stop until 0
current timestep 122
planning flow reduced
plan limit -2789
compute initial stop until 0
current timestep 126
planning flow reduced
plan limit -2595
compute initial stop until 0
current timestep 130
planning flow reduced
plan limit -2869
compute initial stop until 0
current timestep 134
planning flow reduced
plan limit -2645
compute initial stop until 0
current timestep 138
planning flow reduced
plan limit -2599
compute initial stop until 0
current timestep 142
planning flow reduced
plan limit -2669
compute initial stop until 0
current timestep 146
planning flow reduced
plan limit -2647
compute initial stop until 0
current timestep 150
planning flow reduced
plan limit -2918
compute initial stop until 0
current timestep 154
planning flow reduced
plan limit -2732
compute initial stop until 0
current timestep 158
planning flow reduced
plan limit -2492
compute initial stop until 0
current timestep 162
planning flow reduced
plan limit -2683
compute initial stop until 0
current timestep 166
planning flow reduced
plan limit -2734
compute initial stop until 0
current timestep 170
planning flow reduced
plan limit -2714
compute initial stop until 0
current timestep 174
planning flow reduced
plan limit -2707
compute initial stop until 0
current timestep 178
planning flow reduced
plan limit -2676
compute initial stop until 0
current timestep 182
planning flow reduced
plan limit -2814
compute initial stop until 0
current timestep 186
planning flow reduced
plan limit -2420
compute initial stop until 0
current timestep 190
planning flow reduced
plan limit -1863
compute initial stop until 0
current timestep 193
planning flow reduced
plan limit -2331
compute initial stop until 0
current timestep 197
planning flow reduced
plan limit -2653
compute initial stop until 0
current timestep 201
planning flow reduced
plan limit -2658
compute initial stop until 0
current timestep 205
planning flow reduced
plan limit -2367
compute initial stop until 0
current timestep 209
planning flow reduced
plan limit -2853
compute initial stop until 0
current timestep 213
planning flow reduced
plan limit -2593
compute initial stop until 0
current timestep 217
planning flow reduced
plan limit -3282
compute initial stop until 0
current timestep 222
planning flow reduced
plan limit -3336
compute initial stop until 0
current timestep 227
planning flow reduced
plan limit -3061
compute initial stop until 0
current timestep 232
planning flow reduced
plan limit -3231
compute initial stop until 0
current timestep 237
planning flow reduced
plan limit -3331
compute initial stop until 0
current timestep 242
planning flow reduced
plan limit -3477
compute initial stop until 0
current timestep 247
planning flow reduced
plan limit -1798596
compute initial stop until 0
current timestep 2047
planning flow reduced
plan limit -2944
compute initial stop until 0
current timestep 2051
planning flow reduced
plan limit -1772787
compute initial stop until 0
current timestep 3825
planning flow reduced
plan limit -1678584
compute initial stop until 0
current timestep 5505
planning flow reduced
plan limit -2520
compute initial stop until 0
current timestep 5509
planning flow reduced
