wrote 7 rows to /home/ubuntu/MAPD-Honours/outputs/IH_mp_2p_01_10000_7000ts_sweep/metrics.csv
wrote 7 rows to /home/ubuntu/MAPD-Honours/outputs/IH_mp_2p_01_10000_7000ts_sweep/metrics.md
planned 7 run(s) -> /home/ubuntu/MAPD-Honours/outputs/IH_mp_2p_01_10000_7000ts_sweep
[1/7] IH_mp_2p_01_10000_solver1: /home/ubuntu/MAPD-Honours/build/lifelong --inputFile /home/ubuntu/MAPD-Honours/instances/custom/IH_mp_2p_01/IH_mp_2p_01_10000.json -o /home/ubuntu/MAPD-Honours/outputs/IH_mp_2p_01_10000_7000ts_sweep/IH_mp_2p_01_10000_solver1.json --scheduleModel 1 -s 7000 --preprocessTimeLimit 600000 --logDetailLevel 3
[1/7] IH_mp_2p_01_10000_solver1: ok (6911.1s)
[2/7] IH_mp_2p_01_10000_solver6_level1: /home/ubuntu/MAPD-Honours/build/lifelong --inputFile /home/ubuntu/MAPD-Honours/instances/custom/IH_mp_2p_01/IH_mp_2p_01_10000.json -o /home/ubuntu/MAPD-Honours/outputs/IH_mp_2p_01_10000_7000ts_sweep/IH_mp_2p_01_10000_solver6_level1.json --scheduleModel 6 --flowSolveLevel 1 -s 7000 --preprocessTimeLimit 600000 --hierarchyCache hierarchy_cache/IH_mp_2p_01_level9.hierarchy --logDetailLevel 3
[2/7] IH_mp_2p_01_10000_solver6_level1: ok (7018.3s)
[3/7] IH_mp_2p_01_10000_solver6_level2: /home/ubuntu/MAPD-Honours/build/lifelong --inputFile /home/ubuntu/MAPD-Honours/instances/custom/IH_mp_2p_01/IH_mp_2p_01_10000.json -o /home/ubuntu/MAPD-Honours/outputs/IH_mp_2p_01_10000_7000ts_sweep/IH_mp_2p_01_10000_solver6_level2.json --scheduleModel 6 --flowSolveLevel 2 -s 7000 --preprocessTimeLimit 600000 --hierarchyCache hierarchy_cache/IH_mp_2p_01_level9.hierarchy --logDetailLevel 3
[3/7] IH_mp_2p_01_10000_solver6_level2: ok (6850.8s)
[4/7] IH_mp_2p_01_10000_solver6_level3: /home/ubuntu/MAPD-Honours/build/lifelong --inputFile /home/ubuntu/MAPD-Honours/instances/custom/IH_mp_2p_01/IH_mp_2p_01_10000.json -o /home/ubuntu/MAPD-Honours/outputs/IH_mp_2p_01_10000_7000ts_sweep/IH_mp_2p_01_10000_solver6_level3.json --scheduleModel 6 --flowSolveLevel 3 -s 7000 --preprocessTimeLimit 600000 --hierarchyCache hierarchy_cache/IH_mp_2p_01_level9.hierarchy --logDetailLevel 3
[4/7] IH_mp_2p_01_10000_solver6_level3: ok (6210.9s)
[5/7] IH_mp_2p_01_10000_solver6_level4: /home/ubuntu/MAPD-Honours/build/lifelong --inputFile /home/ubuntu/MAPD-Honours/instances/custom/IH_mp_2p_01/IH_mp_2p_01_10000.json -o /home/ubuntu/MAPD-Honours/outputs/IH_mp_2p_01_10000_7000ts_sweep/IH_mp_2p_01_10000_solver6_level4.json --scheduleModel 6 --flowSolveLevel 4 -s 7000 --preprocessTimeLimit 600000 --hierarchyCache hierarchy_cache/IH_mp_2p_01_level9.hierarchy --logDetailLevel 3
[5/7] IH_mp_2p_01_10000_solver6_level4: ok (6340.4s)
[6/7] IH_mp_2p_01_10000_solver6_level5: /home/ubuntu/MAPD-Honours/build/lifelong --inputFile /home/ubuntu/MAPD-Honours/instances/custom/IH_mp_2p_01/IH_mp_2p_01_10000.json -o /home/ubuntu/MAPD-Honours/outputs/IH_mp_2p_01_10000_7000ts_sweep/IH_mp_2p_01_10000_solver6_level5.json --scheduleModel 6 --flowSolveLevel 5 -s 7000 --preprocessTimeLimit 600000 --hierarchyCache hierarchy_cache/IH_mp_2p_01_level9.hierarchy --logDetailLevel 3
[6/7] IH_mp_2p_01_10000_solver6_level5: ok (6344.8s)
[7/7] IH_mp_2p_01_10000_solver6_level6: /home/ubuntu/MAPD-Honours/build/lifelong --inputFile /home/ubuntu/MAPD-Honours/instances/custom/IH_mp_2p_01/IH_mp_2p_01_10000.json -o /home/ubuntu/MAPD-Honours/outputs/IH_mp_2p_01_10000_7000ts_sweep/IH_mp_2p_01_10000_solver6_level6.json --scheduleModel 6 --flowSolveLevel 6 -s 7000 --preprocessTimeLimit 600000 --hierarchyCache hierarchy_cache/IH_mp_2p_01_level9.hierarchy --logDetailLevel 3
[7/7] IH_mp_2p_01_10000_solver6_level6: ok (6340.2s)
wrote /home/ubuntu/MAPD-Honours/outputs/IH_mp_2p_01_10000_7000ts_sweep/sweep_summary.csv

7 run(s) completed, 0 with problems.

/usr/bin/python3 /home/ubuntu/MAPD-Honours/visualisation/compute_throughput_metrics.py /home/ubuntu/MAPD-Honours/outputs/IH_mp_2p_01_10000_7000ts_sweep -o /home/ubuntu/MAPD-Honours/outputs/IH_mp_2p_01_10000_7000ts_sweep/metrics.csv
