19:48:32 start A_orz900d_10000_astar_L4
20:10:49 end A_orz900d_10000_astar_L4 exit 0 (22:13.24)
20:10:49 start A_orz900d_10000_corridor_L4
20:33:17 end A_orz900d_10000_corridor_L4 exit 0 (22:27.33)
20:33:17 start A_orz900d_10000_lift_L4
20:55:55 end A_orz900d_10000_lift_L4 exit 0 (22:28.00)
20:55:55 start A_IH_mp_2p_01_10000_astar_L4
21:14:51 end A_IH_mp_2p_01_10000_astar_L4 exit 0 (18:49.15)
21:14:51 start A_IH_mp_2p_01_10000_corridor_L4
21:37:59 end A_IH_mp_2p_01_10000_corridor_L4 exit 0 (23:06.73)
21:37:59 start A_IH_mp_2p_01_10000_lift_L4
22:01:17 end A_IH_mp_2p_01_10000_lift_L4 exit 0 (23:09.77)
22:01:17 start A_scene_mp_4p_03_10000_astar_L4
22:22:14 end A_scene_mp_4p_03_10000_astar_L4 exit 0 (20:50.75)
22:22:14 start A_scene_mp_4p_03_10000_corridor_L4
22:46:42 end A_scene_mp_4p_03_10000_corridor_L4 exit 0 (24:26.95)
22:46:42 start A_scene_mp_4p_03_10000_lift_L4
23:11:31 end A_scene_mp_4p_03_10000_lift_L4 exit 0 (24:40.73)
23:11:31 start B_IH_mp_2p_01_10000_lift_L4
23:19:24 end B_IH_mp_2p_01_10000_lift_L4 exit 0 (7:49.96)
23:19:24 start B_IH_mp_2p_01_20000_lift_L4
23:26:56 end B_IH_mp_2p_01_20000_lift_L4 exit 0 (7:28.96)
23:26:56 start B_IH_mp_2p_01_40000_lift_L4
23:33:49 end B_IH_mp_2p_01_40000_lift_L4 exit 0 (6:42.46)
23:33:49 start B_IH_mp_2p_01_80000_lift_L4
23:37:20 end B_IH_mp_2p_01_80000_lift_L4 exit 0 (3:21.29)
23:37:20 start B_scene_mp_4p_03_10000_lift_L4
23:46:33 end B_scene_mp_4p_03_10000_lift_L4 exit 0 (9:03.38)
23:46:33 start B_scene_mp_4p_03_20000_lift_L4
23:55:37 end B_scene_mp_4p_03_20000_lift_L4 exit 0 (8:53.00)
23:55:37 start B_scene_mp_4p_03_40000_lift_L4
00:03:50 end B_scene_mp_4p_03_40000_lift_L4 exit 0 (8:08.92)
00:03:50 start B_scene_mp_4p_03_80000_lift_L4
00:08:51 end B_scene_mp_4p_03_80000_lift_L4 exit 0 (4:51.91)
00:08:51 start C_IH_mp_2p_01_10000_corridor_L3
00:16:54 end C_IH_mp_2p_01_10000_corridor_L3 exit 0 (7:55.73)
00:16:54 start C_IH_mp_2p_01_10000_corridor_L6
00:24:57 end C_IH_mp_2p_01_10000_corridor_L6 exit 0 (7:53.55)
00:24:57 start C_IH_mp_2p_01_10000_lift_L3
00:33:00 end C_IH_mp_2p_01_10000_lift_L3 exit 0 (7:54.64)
00:33:00 start C_IH_mp_2p_01_10000_lift_L6
00:41:02 end C_IH_mp_2p_01_10000_lift_L6 exit 0 (7:54.15)
00:41:02 all done
